mode: set
github.com/awesome-goose/goose/config/config.go:15.40,17.2 1 1
github.com/awesome-goose/goose/config/config.go:24.56,26.15 2 1
github.com/awesome-goose/goose/config/config.go:26.15,28.17 2 0
github.com/awesome-goose/goose/config/config.go:28.17,29.58 1 0
github.com/awesome-goose/goose/config/config.go:32.3,32.19 1 0
github.com/awesome-goose/goose/config/config.go:35.2,37.81 2 1
github.com/awesome-goose/goose/config/config.go:37.81,38.33 1 1
github.com/awesome-goose/goose/config/config.go:38.33,40.4 1 1
github.com/awesome-goose/goose/config/config.go:42.3,43.38 2 1
github.com/awesome-goose/goose/config/config.go:43.38,45.4 1 0
github.com/awesome-goose/goose/config/config.go:47.3,48.21 2 1
github.com/awesome-goose/goose/config/config.go:48.21,50.4 1 0
github.com/awesome-goose/goose/config/config.go:52.3,53.74 2 1
github.com/awesome-goose/goose/config/config.go:53.74,55.4 1 0
github.com/awesome-goose/goose/config/config.go:57.3,60.13 3 1
github.com/awesome-goose/goose/config/config.go:62.2,62.16 1 1
github.com/awesome-goose/goose/config/config.go:62.16,64.3 1 0
github.com/awesome-goose/goose/config/config.go:66.2,69.8 1 1
github.com/awesome-goose/goose/config/config.go:72.31,74.2 1 1
github.com/awesome-goose/goose/config/config.go:76.37,78.2 1 1
github.com/awesome-goose/goose/config/dotted.go:11.42,14.29 3 1
github.com/awesome-goose/goose/config/dotted.go:14.29,16.10 2 1
github.com/awesome-goose/goose/config/dotted.go:16.10,18.4 1 0
github.com/awesome-goose/goose/config/dotted.go:19.3,20.10 2 1
github.com/awesome-goose/goose/config/dotted.go:20.10,22.4 1 1
github.com/awesome-goose/goose/config/dotted.go:25.2,25.37 1 1
github.com/awesome-goose/goose/config/dotted.go:25.37,27.3 1 1
github.com/awesome-goose/goose/config/dotted.go:29.2,29.11 1 0
github.com/awesome-goose/goose/config/dotted.go:33.46,37.44 4 1
github.com/awesome-goose/goose/config/dotted.go:37.44,39.10 2 1
github.com/awesome-goose/goose/config/dotted.go:39.10,42.4 2 1
github.com/awesome-goose/goose/config/dotted.go:43.3,44.10 2 1
github.com/awesome-goose/goose/config/dotted.go:44.10,46.4 1 0
github.com/awesome-goose/goose/config/dotted.go:47.3,47.18 1 1
github.com/awesome-goose/goose/config/dotted.go:49.2,49.26 1 1
github.com/awesome-goose/goose/config/dotted.go:52.66,54.17 2 1
github.com/awesome-goose/goose/config/dotted.go:54.17,56.3 1 1
github.com/awesome-goose/goose/config/dotted.go:57.2,57.14 1 1
github.com/awesome-goose/goose/config/dotted.go:60.41,62.17 2 1
github.com/awesome-goose/goose/config/dotted.go:62.17,64.3 1 1
github.com/awesome-goose/goose/config/dotted.go:65.2,66.10 2 1
github.com/awesome-goose/goose/config/dotted.go:69.43,71.17 2 1
github.com/awesome-goose/goose/config/dotted.go:71.17,73.3 1 1
github.com/awesome-goose/goose/config/dotted.go:74.2,75.10 2 1
github.com/awesome-goose/goose/config/dotted.go:78.47,80.17 2 1
github.com/awesome-goose/goose/config/dotted.go:80.17,82.3 1 1
github.com/awesome-goose/goose/config/dotted.go:83.2,84.10 2 1
github.com/awesome-goose/goose/config/index.go:13.33,14.71 1 1
github.com/awesome-goose/goose/config/index.go:14.71,17.3 2 0
github.com/awesome-goose/goose/config/struct.go:15.61,21.33 4 1
github.com/awesome-goose/goose/config/struct.go:21.33,23.42 2 1
github.com/awesome-goose/goose/config/struct.go:23.42,26.9 3 1
github.com/awesome-goose/goose/config/struct.go:30.2,30.12 1 1
github.com/awesome-goose/goose/config/struct.go:30.12,32.3 1 1
github.com/awesome-goose/goose/config/struct.go:34.2,35.16 2 1
github.com/awesome-goose/goose/config/struct.go:35.16,37.3 1 0
github.com/awesome-goose/goose/config/struct.go:39.2,39.56 1 1
github.com/awesome-goose/goose/config/struct.go:39.56,41.3 1 0
github.com/awesome-goose/goose/config/struct.go:43.2,43.12 1 1
github.com/awesome-goose/goose/config/struct.go:46.57,47.21 1 1
github.com/awesome-goose/goose/config/struct.go:47.21,49.3 1 1
github.com/awesome-goose/goose/config/struct.go:52.2,53.16 2 1
github.com/awesome-goose/goose/config/struct.go:53.16,55.3 1 0
github.com/awesome-goose/goose/config/struct.go:58.2,59.54 2 1
github.com/awesome-goose/goose/config/struct.go:59.54,61.3 1 0
github.com/awesome-goose/goose/config/struct.go:64.2,65.12 2 1
github.com/awesome-goose/goose/core/container.go:22.53,23.23 1 1
github.com/awesome-goose/goose/core/container.go:23.23,25.3 1 1
github.com/awesome-goose/goose/core/container.go:27.2,27.23 1 1
github.com/awesome-goose/goose/core/container.go:27.23,29.3 1 0
github.com/awesome-goose/goose/core/container.go:31.2,32.16 2 1
github.com/awesome-goose/goose/core/container.go:32.16,34.3 1 0
github.com/awesome-goose/goose/core/container.go:36.2,38.22 2 1
github.com/awesome-goose/goose/core/container.go:48.32,52.2 1 1
github.com/awesome-goose/goose/core/container.go:56.55,57.21 1 1
github.com/awesome-goose/goose/core/container.go:57.21,59.3 1 0
github.com/awesome-goose/goose/core/container.go:61.2,62.56 2 1
github.com/awesome-goose/goose/core/container.go:62.56,64.3 1 0
github.com/awesome-goose/goose/core/container.go:66.2,67.16 2 1
github.com/awesome-goose/goose/core/container.go:67.16,69.3 1 0
github.com/awesome-goose/goose/core/container.go:71.2,72.17 2 1
github.com/awesome-goose/goose/core/container.go:72.17,74.3 1 1
github.com/awesome-goose/goose/core/container.go:74.8,74.24 1 1
github.com/awesome-goose/goose/core/container.go:74.24,76.24 2 1
github.com/awesome-goose/goose/core/container.go:76.24,78.4 1 1
github.com/awesome-goose/goose/core/container.go:79.3,79.51 1 1
github.com/awesome-goose/goose/core/container.go:79.51,81.4 1 1
github.com/awesome-goose/goose/core/container.go:82.3,82.95 1 0
github.com/awesome-goose/goose/core/container.go:85.2,85.48 1 0
github.com/awesome-goose/goose/core/container.go:89.70,91.30 2 1
github.com/awesome-goose/goose/core/container.go:91.30,93.3 1 0
github.com/awesome-goose/goose/core/container.go:95.2,98.38 3 1
github.com/awesome-goose/goose/core/container.go:98.38,104.13 5 1
github.com/awesome-goose/goose/core/container.go:104.13,106.4 1 1
github.com/awesome-goose/goose/core/container.go:107.3,109.13 2 1
github.com/awesome-goose/goose/core/container.go:109.13,111.18 2 1
github.com/awesome-goose/goose/core/container.go:111.18,113.5 1 0
github.com/awesome-goose/goose/core/container.go:114.4,114.44 1 1
github.com/awesome-goose/goose/core/container.go:115.9,117.4 1 1
github.com/awesome-goose/goose/core/container.go:120.2,120.23 1 1
github.com/awesome-goose/goose/core/container.go:124.82,126.16 2 1
github.com/awesome-goose/goose/core/container.go:126.16,128.3 1 0
github.com/awesome-goose/goose/core/container.go:129.2,135.36 5 1
github.com/awesome-goose/goose/core/container.go:135.36,139.68 3 1
github.com/awesome-goose/goose/core/container.go:139.68,141.20 2 1
github.com/awesome-goose/goose/core/container.go:142.20,143.14 1 1
github.com/awesome-goose/goose/core/container.go:144.16,145.31 1 0
github.com/awesome-goose/goose/core/container.go:146.12,147.20 1 0
github.com/awesome-goose/goose/core/container.go:151.4,154.38 3 1
github.com/awesome-goose/goose/core/container.go:154.38,155.13 1 0
github.com/awesome-goose/goose/core/container.go:159.4,161.18 3 1
github.com/awesome-goose/goose/core/container.go:161.18,164.5 2 0
github.com/awesome-goose/goose/core/container.go:165.4,167.56 2 1
github.com/awesome-goose/goose/core/container.go:167.56,170.19 3 1
github.com/awesome-goose/goose/core/container.go:170.19,172.6 1 0
github.com/awesome-goose/goose/core/container.go:173.5,175.13 3 1
github.com/awesome-goose/goose/core/container.go:179.4,186.56 4 0
github.com/awesome-goose/goose/core/container.go:186.56,188.19 2 0
github.com/awesome-goose/goose/core/container.go:188.19,190.6 1 0
github.com/awesome-goose/goose/core/container.go:191.10,192.20 1 0
github.com/awesome-goose/goose/core/container.go:192.20,194.6 1 0
github.com/awesome-goose/goose/core/container.go:197.5,197.22 1 0
github.com/awesome-goose/goose/core/container.go:197.22,199.6 1 0
github.com/awesome-goose/goose/core/container.go:203.4,205.93 2 0
github.com/awesome-goose/goose/core/container.go:205.93,209.5 2 0
github.com/awesome-goose/goose/core/container.go:209.10,215.22 3 0
github.com/awesome-goose/goose/core/container.go:215.22,216.73 1 0
github.com/awesome-goose/goose/core/container.go:216.73,218.7 1 0
github.com/awesome-goose/goose/core/container.go:223.4,224.38 2 0
github.com/awesome-goose/goose/core/container.go:228.2,230.12 2 1
github.com/awesome-goose/goose/core/container.go:234.79,235.21 1 1
github.com/awesome-goose/goose/core/container.go:235.21,237.3 1 1
github.com/awesome-goose/goose/core/container.go:239.2,240.74 2 1
github.com/awesome-goose/goose/core/container.go:240.74,242.3 1 1
github.com/awesome-goose/goose/core/container.go:244.2,244.50 1 1
github.com/awesome-goose/goose/core/container.go:244.50,248.46 3 1
github.com/awesome-goose/goose/core/container.go:248.46,250.4 1 1
github.com/awesome-goose/goose/core/container.go:252.3,252.16 1 1
github.com/awesome-goose/goose/core/container.go:252.16,255.18 3 1
github.com/awesome-goose/goose/core/container.go:255.18,257.5 1 1
github.com/awesome-goose/goose/core/container.go:259.4,263.17 4 1
github.com/awesome-goose/goose/core/container.go:264.9,267.4 2 1
github.com/awesome-goose/goose/core/container.go:270.2,270.12 1 1
github.com/awesome-goose/goose/core/container.go:274.65,276.25 2 1
github.com/awesome-goose/goose/core/container.go:276.25,278.3 1 1
github.com/awesome-goose/goose/core/container.go:280.2,280.40 1 1
github.com/awesome-goose/goose/core/container.go:280.40,287.16 6 1
github.com/awesome-goose/goose/core/container.go:287.16,289.4 1 1
github.com/awesome-goose/goose/core/container.go:290.3,292.13 2 1
github.com/awesome-goose/goose/core/container.go:292.13,294.18 2 1
github.com/awesome-goose/goose/core/container.go:294.18,296.5 1 0
github.com/awesome-goose/goose/core/container.go:297.4,299.14 3 1
github.com/awesome-goose/goose/core/container.go:302.3,302.59 1 1
github.com/awesome-goose/goose/core/container.go:305.2,305.37 1 0
github.com/awesome-goose/goose/core/container.go:310.46,312.64 2 1
github.com/awesome-goose/goose/core/container.go:312.64,314.3 1 1
github.com/awesome-goose/goose/core/container.go:316.2,317.16 2 1
github.com/awesome-goose/goose/core/container.go:317.16,319.3 1 1
github.com/awesome-goose/goose/core/container.go:321.2,323.12 2 1
github.com/awesome-goose/goose/core/container.go:327.47,329.25 2 1
github.com/awesome-goose/goose/core/container.go:329.25,331.3 1 1
github.com/awesome-goose/goose/core/container.go:333.2,333.40 1 1
github.com/awesome-goose/goose/core/container.go:333.40,335.36 2 1
github.com/awesome-goose/goose/core/container.go:335.36,338.38 2 1
github.com/awesome-goose/goose/core/container.go:338.38,341.73 2 1
github.com/awesome-goose/goose/core/container.go:341.73,344.22 2 1
github.com/awesome-goose/goose/core/container.go:345.22,346.16 1 1
github.com/awesome-goose/goose/core/container.go:347.18,348.36 1 0
github.com/awesome-goose/goose/core/container.go:349.14,350.22 1 0
github.com/awesome-goose/goose/core/container.go:353.6,357.19 5 1
github.com/awesome-goose/goose/core/container.go:357.19,359.7 1 1
github.com/awesome-goose/goose/core/container.go:360.6,362.16 2 1
github.com/awesome-goose/goose/core/container.go:362.16,364.21 2 1
github.com/awesome-goose/goose/core/container.go:364.21,366.8 1 0
github.com/awesome-goose/goose/core/container.go:368.7,371.15 3 1
github.com/awesome-goose/goose/core/container.go:374.6,374.74 1 0
github.com/awesome-goose/goose/core/container.go:378.4,378.14 1 1
github.com/awesome-goose/goose/core/container.go:382.2,382.35 1 1
github.com/awesome-goose/goose/core/container.go:387.52,388.18 1 1
github.com/awesome-goose/goose/core/container.go:388.18,390.3 1 1
github.com/awesome-goose/goose/core/container.go:392.2,397.32 4 1
github.com/awesome-goose/goose/core/container.go:397.32,404.16 6 1
github.com/awesome-goose/goose/core/container.go:404.16,406.4 1 0
github.com/awesome-goose/goose/core/container.go:407.3,409.34 2 1
github.com/awesome-goose/goose/core/container.go:409.34,411.4 1 0
github.com/awesome-goose/goose/core/container.go:413.3,413.24 1 1
github.com/awesome-goose/goose/core/container.go:414.8,414.73 1 1
github.com/awesome-goose/goose/core/container.go:414.73,419.16 5 1
github.com/awesome-goose/goose/core/container.go:419.16,421.4 1 0
github.com/awesome-goose/goose/core/container.go:422.3,424.34 2 1
github.com/awesome-goose/goose/core/container.go:424.34,426.4 1 0
github.com/awesome-goose/goose/core/container.go:428.3,428.11 1 1
github.com/awesome-goose/goose/core/container.go:429.8,431.3 1 1
github.com/awesome-goose/goose/core/container.go:433.2,435.48 2 1
github.com/awesome-goose/goose/core/container.go:435.48,437.3 1 0
github.com/awesome-goose/goose/core/container.go:439.2,439.30 1 1
github.com/awesome-goose/goose/core/container.go:443.29,447.28 3 1
github.com/awesome-goose/goose/core/container.go:447.28,449.3 1 1
github.com/awesome-goose/goose/core/container.go:454.35,460.40 4 1
github.com/awesome-goose/goose/core/container.go:460.40,461.32 1 1
github.com/awesome-goose/goose/core/container.go:461.32,462.25 1 1
github.com/awesome-goose/goose/core/container.go:462.25,463.56 1 1
github.com/awesome-goose/goose/core/container.go:463.56,464.64 1 1
github.com/awesome-goose/goose/core/container.go:464.64,466.7 1 0
github.com/awesome-goose/goose/core/container.go:473.2,473.28 1 1
github.com/awesome-goose/goose/core/container.go:473.28,475.3 1 1
github.com/awesome-goose/goose/core/container.go:477.2,477.17 1 1
github.com/awesome-goose/goose/core/container.go:480.46,481.57 1 1
github.com/awesome-goose/goose/core/container.go:481.57,483.3 1 0
github.com/awesome-goose/goose/core/container.go:486.45,487.55 1 1
github.com/awesome-goose/goose/core/container.go:487.55,489.3 1 0
github.com/awesome-goose/goose/core/kernel.go:29.26,38.2 1 0
github.com/awesome-goose/goose/core/kernel.go:43.76,44.25 1 0
github.com/awesome-goose/goose/core/kernel.go:44.25,45.23 1 0
github.com/awesome-goose/goose/core/kernel.go:45.23,45.37 1 0
github.com/awesome-goose/goose/core/kernel.go:49.2,49.25 1 0
github.com/awesome-goose/goose/core/kernel.go:49.25,51.3 1 0
github.com/awesome-goose/goose/core/kernel.go:54.2,54.30 1 0
github.com/awesome-goose/goose/core/kernel.go:58.72,59.23 1 0
github.com/awesome-goose/goose/core/kernel.go:59.23,61.3 1 0
github.com/awesome-goose/goose/core/kernel.go:63.2,64.30 2 0
github.com/awesome-goose/goose/core/kernel.go:64.30,66.3 1 0
github.com/awesome-goose/goose/core/kernel.go:68.2,68.43 1 0
github.com/awesome-goose/goose/core/kernel.go:68.43,69.43 1 0
github.com/awesome-goose/goose/core/kernel.go:69.43,71.4 1 0
github.com/awesome-goose/goose/core/kernel.go:74.2,74.58 1 0
github.com/awesome-goose/goose/core/kernel.go:74.58,76.3 1 0
github.com/awesome-goose/goose/core/kernel.go:78.2,78.89 1 0
github.com/awesome-goose/goose/core/kernel.go:78.89,80.3 1 0
github.com/awesome-goose/goose/core/kernel.go:80.17,82.3 1 0
github.com/awesome-goose/goose/core/kernel.go:84.2,85.16 2 0
github.com/awesome-goose/goose/core/kernel.go:85.16,87.3 1 0
github.com/awesome-goose/goose/core/kernel.go:89.2,94.18 5 0
github.com/awesome-goose/goose/core/kernel.go:98.78,104.33 4 0
github.com/awesome-goose/goose/core/kernel.go:104.33,105.41 1 0
github.com/awesome-goose/goose/core/kernel.go:105.41,108.4 2 0
github.com/awesome-goose/goose/core/kernel.go:108.9,110.4 1 0
github.com/awesome-goose/goose/core/kernel.go:113.2,113.18 1 0
github.com/awesome-goose/goose/core/kernel.go:113.18,114.23 1 0
github.com/awesome-goose/goose/core/kernel.go:114.23,114.37 1 0
github.com/awesome-goose/goose/core/kernel.go:118.2,121.35 2 0
github.com/awesome-goose/goose/core/kernel.go:121.35,122.23 1 0
github.com/awesome-goose/goose/core/kernel.go:122.23,122.37 1 0
github.com/awesome-goose/goose/core/kernel.go:126.2,126.35 1 0
github.com/awesome-goose/goose/core/kernel.go:126.35,128.3 1 0
github.com/awesome-goose/goose/core/kernel.go:131.2,131.31 1 0
github.com/awesome-goose/goose/core/kernel.go:131.31,132.25 1 0
github.com/awesome-goose/goose/core/kernel.go:132.25,134.4 1 0
github.com/awesome-goose/goose/core/kernel.go:135.3,135.23 1 0
github.com/awesome-goose/goose/core/kernel.go:135.23,135.37 1 0
github.com/awesome-goose/goose/core/kernel.go:138.2,138.38 1 0
github.com/awesome-goose/goose/core/kernel.go:142.69,148.23 5 0
github.com/awesome-goose/goose/core/kernel.go:148.23,150.3 1 0
github.com/awesome-goose/goose/core/kernel.go:152.2,153.30 2 0
github.com/awesome-goose/goose/core/kernel.go:153.30,155.3 1 0
github.com/awesome-goose/goose/core/kernel.go:157.2,157.43 1 0
github.com/awesome-goose/goose/core/kernel.go:157.43,158.43 1 0
github.com/awesome-goose/goose/core/kernel.go:158.43,160.4 1 0
github.com/awesome-goose/goose/core/kernel.go:163.2,163.68 1 0
github.com/awesome-goose/goose/core/kernel.go:163.68,165.3 1 0
github.com/awesome-goose/goose/core/kernel.go:167.2,167.99 1 0
github.com/awesome-goose/goose/core/kernel.go:167.99,169.3 1 0
github.com/awesome-goose/goose/core/kernel.go:169.17,171.3 1 0
github.com/awesome-goose/goose/core/kernel.go:173.2,174.16 2 0
github.com/awesome-goose/goose/core/kernel.go:174.16,176.3 1 0
github.com/awesome-goose/goose/core/kernel.go:178.2,183.18 5 0
github.com/awesome-goose/goose/core/kernel.go:187.80,188.23 1 0
github.com/awesome-goose/goose/core/kernel.go:188.23,190.3 1 0
github.com/awesome-goose/goose/core/kernel.go:192.2,195.33 3 0
github.com/awesome-goose/goose/core/kernel.go:195.33,197.33 2 0
github.com/awesome-goose/goose/core/kernel.go:197.33,206.32 7 0
github.com/awesome-goose/goose/core/kernel.go:206.32,208.5 1 0
github.com/awesome-goose/goose/core/kernel.go:210.4,210.45 1 0
github.com/awesome-goose/goose/core/kernel.go:210.45,211.45 1 0
github.com/awesome-goose/goose/core/kernel.go:211.45,214.6 2 0
github.com/awesome-goose/goose/core/kernel.go:217.4,217.70 1 0
github.com/awesome-goose/goose/core/kernel.go:217.70,220.5 2 0
github.com/awesome-goose/goose/core/kernel.go:222.4,222.101 1 0
github.com/awesome-goose/goose/core/kernel.go:222.101,224.5 1 0
github.com/awesome-goose/goose/core/kernel.go:224.19,227.5 2 0
github.com/awesome-goose/goose/core/kernel.go:229.4,230.18 2 0
github.com/awesome-goose/goose/core/kernel.go:230.18,233.5 2 0
github.com/awesome-goose/goose/core/kernel.go:235.4,239.63 4 0
github.com/awesome-goose/goose/core/kernel.go:239.63,241.5 1 0
github.com/awesome-goose/goose/core/kernel.go:246.2,249.9 3 0
github.com/awesome-goose/goose/core/kernel.go:250.14,251.19 1 0
github.com/awesome-goose/goose/core/kernel.go:252.24,254.19 2 0
github.com/awesome-goose/goose/core/kernel.go:259.68,260.43 1 0
github.com/awesome-goose/goose/core/kernel.go:260.43,263.17 3 0
github.com/awesome-goose/goose/core/kernel.go:263.17,265.4 1 0
github.com/awesome-goose/goose/core/kernel.go:267.3,269.48 2 0
github.com/awesome-goose/goose/core/kernel.go:269.48,270.53 1 0
github.com/awesome-goose/goose/core/kernel.go:270.53,272.5 1 0
github.com/awesome-goose/goose/core/kernel.go:275.3,276.17 2 0
github.com/awesome-goose/goose/core/kernel.go:276.17,278.4 1 0
github.com/awesome-goose/goose/core/kernel.go:280.3,280.50 1 0
github.com/awesome-goose/goose/core/kernel.go:280.50,282.4 1 0
github.com/awesome-goose/goose/core/kernel.go:284.3,284.61 1 0
github.com/awesome-goose/goose/core/kernel.go:284.61,286.4 1 0
github.com/awesome-goose/goose/core/kernel.go:288.3,289.17 2 0
github.com/awesome-goose/goose/core/kernel.go:289.17,291.4 1 0
github.com/awesome-goose/goose/core/kernel.go:293.3,293.66 1 0
github.com/awesome-goose/goose/core/kernel.go:298.35,300.27 2 0
github.com/awesome-goose/goose/core/kernel.go:300.27,307.28 5 0
github.com/awesome-goose/goose/core/kernel.go:307.28,308.63 1 0
github.com/awesome-goose/goose/core/kernel.go:308.63,310.5 1 0
github.com/awesome-goose/goose/core/kernel.go:314.3,314.84 1 0
github.com/awesome-goose/goose/core/kernel.go:314.84,316.4 1 0
github.com/awesome-goose/goose/core/kernel.go:319.3,319.38 1 0
github.com/awesome-goose/goose/core/kernel.go:319.38,320.89 1 0
github.com/awesome-goose/goose/core/kernel.go:320.89,322.5 1 0
github.com/awesome-goose/goose/core/kernel.go:325.2,325.20 1 0
github.com/awesome-goose/goose/core/kernel.go:328.46,330.2 1 0
github.com/awesome-goose/goose/core/kernel.go:332.41,334.2 1 0
github.com/awesome-goose/goose/core/kernel.go:336.77,337.34 1 0
github.com/awesome-goose/goose/core/kernel.go:337.34,339.62 1 0
github.com/awesome-goose/goose/core/kernel.go:339.62,341.4 1 0
github.com/awesome-goose/goose/core/kernel.go:343.3,343.42 1 0
github.com/awesome-goose/goose/core/kernel.go:343.42,344.39 1 0
github.com/awesome-goose/goose/core/kernel.go:344.39,346.5 1 0
github.com/awesome-goose/goose/core/kernel.go:348.3,348.40 1 0
github.com/awesome-goose/goose/core/kernel.go:350.2,350.22 1 0
github.com/awesome-goose/goose/core/kernel.go:353.46,355.2 1 0
github.com/awesome-goose/goose/core/kernel.go:357.44,359.2 1 0
github.com/awesome-goose/goose/core/kernel.go:361.98,363.41 2 0
github.com/awesome-goose/goose/core/kernel.go:364.13,365.24 1 0
github.com/awesome-goose/goose/core/kernel.go:365.24,367.4 1 0
github.com/awesome-goose/goose/core/kernel.go:369.3,371.10 3 0
github.com/awesome-goose/goose/core/kernel.go:371.10,373.4 1 0
github.com/awesome-goose/goose/core/kernel.go:375.3,376.17 2 0
github.com/awesome-goose/goose/core/kernel.go:376.17,378.4 1 0
github.com/awesome-goose/goose/core/kernel.go:380.3,383.24 3 0
github.com/awesome-goose/goose/core/kernel.go:383.24,385.4 1 0
github.com/awesome-goose/goose/core/kernel.go:387.3,388.30 2 0
github.com/awesome-goose/goose/core/kernel.go:388.30,390.4 1 0
github.com/awesome-goose/goose/core/kernel.go:392.3,393.79 2 0
github.com/awesome-goose/goose/core/kernel.go:393.79,395.4 1 0
github.com/awesome-goose/goose/core/kernel.go:397.3,401.17 4 0
github.com/awesome-goose/goose/core/kernel.go:401.17,403.4 1 0
github.com/awesome-goose/goose/core/kernel.go:405.3,408.23 3 0
github.com/awesome-goose/goose/core/kernel.go:408.23,410.4 1 0
github.com/awesome-goose/goose/core/kernel.go:411.10,419.30 3 0
github.com/awesome-goose/goose/core/kernel.go:419.30,426.18 5 0
github.com/awesome-goose/goose/core/kernel.go:426.18,428.5 1 0
github.com/awesome-goose/goose/core/kernel.go:430.4,431.24 2 0
github.com/awesome-goose/goose/core/kernel.go:431.24,433.5 1 0
github.com/awesome-goose/goose/core/kernel.go:434.9,436.4 1 0
github.com/awesome-goose/goose/core/kernel.go:439.2,439.20 1 0
github.com/awesome-goose/goose/core/kernel.go:442.58,443.41 1 0
github.com/awesome-goose/goose/core/kernel.go:444.13,445.24 1 0
github.com/awesome-goose/goose/core/kernel.go:445.24,447.4 1 0
github.com/awesome-goose/goose/core/kernel.go:449.3,451.10 3 0
github.com/awesome-goose/goose/core/kernel.go:451.10,453.4 1 0
github.com/awesome-goose/goose/core/kernel.go:455.3,456.17 2 0
github.com/awesome-goose/goose/core/kernel.go:456.17,458.4 1 0
github.com/awesome-goose/goose/core/kernel.go:460.3,463.24 3 0
github.com/awesome-goose/goose/core/kernel.go:463.24,465.4 1 0
github.com/awesome-goose/goose/core/kernel.go:467.3,468.30 2 0
github.com/awesome-goose/goose/core/kernel.go:468.30,470.4 1 0
github.com/awesome-goose/goose/core/kernel.go:472.3,473.79 2 0
github.com/awesome-goose/goose/core/kernel.go:473.79,475.4 1 0
github.com/awesome-goose/goose/core/kernel.go:476.10,484.31 3 0
github.com/awesome-goose/goose/core/kernel.go:484.31,486.4 1 0
github.com/awesome-goose/goose/core/kernel.go:489.2,489.13 1 0
github.com/awesome-goose/goose/core/registry.go:65.50,72.2 1 0
github.com/awesome-goose/goose/core/registry.go:92.59,98.16 4 0
github.com/awesome-goose/goose/core/registry.go:98.16,100.3 1 0
github.com/awesome-goose/goose/core/registry.go:103.2,103.29 1 0
github.com/awesome-goose/goose/core/registry.go:103.29,104.46 1 0
github.com/awesome-goose/goose/core/registry.go:104.46,106.4 1 0
github.com/awesome-goose/goose/core/registry.go:110.2,110.38 1 0
github.com/awesome-goose/goose/core/registry.go:110.38,112.3 1 0
github.com/awesome-goose/goose/core/registry.go:114.2,114.12 1 0
github.com/awesome-goose/goose/core/registry.go:118.79,124.39 5 0
github.com/awesome-goose/goose/core/registry.go:124.39,127.23 2 0
github.com/awesome-goose/goose/core/registry.go:127.23,129.4 1 0
github.com/awesome-goose/goose/core/registry.go:131.3,131.23 1 0
github.com/awesome-goose/goose/core/registry.go:131.23,133.4 1 0
github.com/awesome-goose/goose/core/registry.go:135.3,139.17 4 0
github.com/awesome-goose/goose/core/registry.go:139.17,141.4 1 0
github.com/awesome-goose/goose/core/registry.go:143.3,144.10 2 0
github.com/awesome-goose/goose/core/registry.go:144.10,146.4 1 0
github.com/awesome-goose/goose/core/registry.go:149.3,149.37 1 0
github.com/awesome-goose/goose/core/registry.go:149.37,150.37 1 0
github.com/awesome-goose/goose/core/registry.go:150.37,152.5 1 0
github.com/awesome-goose/goose/core/registry.go:155.3,157.13 3 0
github.com/awesome-goose/goose/core/registry.go:160.2,160.36 1 0
github.com/awesome-goose/goose/core/registry.go:160.36,162.3 1 0
github.com/awesome-goose/goose/core/registry.go:164.2,164.20 1 0
github.com/awesome-goose/goose/core/registry.go:168.58,173.37 3 0
github.com/awesome-goose/goose/core/registry.go:173.37,175.3 1 0
github.com/awesome-goose/goose/core/registry.go:178.2,193.54 2 0
github.com/awesome-goose/goose/core/registry.go:193.54,194.61 1 0
github.com/awesome-goose/goose/core/registry.go:194.61,196.4 1 0
github.com/awesome-goose/goose/core/registry.go:200.2,200.42 1 0
github.com/awesome-goose/goose/core/registry.go:200.42,204.63 2 0
github.com/awesome-goose/goose/core/registry.go:204.63,205.50 1 0
github.com/awesome-goose/goose/core/registry.go:205.50,207.5 1 0
github.com/awesome-goose/goose/core/registry.go:211.3,212.17 2 0
github.com/awesome-goose/goose/core/registry.go:212.17,214.4 1 0
github.com/awesome-goose/goose/core/registry.go:216.3,227.15 4 0
github.com/awesome-goose/goose/core/registry.go:227.15,229.4 1 0
github.com/awesome-goose/goose/core/registry.go:233.2,234.36 2 0
github.com/awesome-goose/goose/core/registry.go:234.36,238.54 3 0
github.com/awesome-goose/goose/core/registry.go:238.54,240.4 1 0
github.com/awesome-goose/goose/core/registry.go:242.3,242.52 1 0
github.com/awesome-goose/goose/core/registry.go:246.2,246.36 1 0
github.com/awesome-goose/goose/core/registry.go:246.36,248.63 2 0
github.com/awesome-goose/goose/core/registry.go:248.63,249.54 1 0
github.com/awesome-goose/goose/core/registry.go:249.54,251.5 1 0
github.com/awesome-goose/goose/core/registry.go:253.4,253.37 1 0
github.com/awesome-goose/goose/core/registry.go:253.37,254.65 1 0
github.com/awesome-goose/goose/core/registry.go:254.65,256.6 1 0
github.com/awesome-goose/goose/core/registry.go:261.2,262.12 2 0
github.com/awesome-goose/goose/core/registry.go:266.67,268.42 1 0
github.com/awesome-goose/goose/core/registry.go:268.42,270.3 1 0
github.com/awesome-goose/goose/core/registry.go:273.2,273.47 1 0
github.com/awesome-goose/goose/core/registry.go:273.47,275.3 1 0
github.com/awesome-goose/goose/core/registry.go:278.2,278.44 1 0
github.com/awesome-goose/goose/core/registry.go:278.44,279.56 1 0
github.com/awesome-goose/goose/core/registry.go:279.56,281.4 1 0
github.com/awesome-goose/goose/core/registry.go:287.62,289.29 2 0
github.com/awesome-goose/goose/core/registry.go:289.29,291.3 1 0
github.com/awesome-goose/goose/core/registry.go:292.2,292.29 1 0
github.com/awesome-goose/goose/core/registry.go:304.67,310.13 5 0
github.com/awesome-goose/goose/core/registry.go:310.13,312.3 1 0
github.com/awesome-goose/goose/core/registry.go:314.2,315.66 2 0
github.com/awesome-goose/goose/core/registry.go:315.66,317.3 1 0
github.com/awesome-goose/goose/core/registry.go:319.2,322.36 3 0
github.com/awesome-goose/goose/core/registry.go:322.36,326.61 3 0
github.com/awesome-goose/goose/core/registry.go:326.61,329.14 2 0
github.com/awesome-goose/goose/core/registry.go:329.14,331.46 1 0
github.com/awesome-goose/goose/core/registry.go:331.46,333.63 1 0
github.com/awesome-goose/goose/core/registry.go:333.63,334.41 1 0
github.com/awesome-goose/goose/core/registry.go:334.41,337.13 3 0
github.com/awesome-goose/goose/core/registry.go:343.4,343.14 1 0
github.com/awesome-goose/goose/core/registry.go:343.14,345.5 1 0
github.com/awesome-goose/goose/core/registry.go:348.4,349.43 2 0
github.com/awesome-goose/goose/core/registry.go:353.2,353.12 1 0
github.com/awesome-goose/goose/core/registry.go:364.77,370.58 4 0
github.com/awesome-goose/goose/core/registry.go:370.58,372.3 1 0
github.com/awesome-goose/goose/core/registry.go:374.2,374.43 1 0
github.com/awesome-goose/goose/core/registry.go:382.76,387.53 4 0
github.com/awesome-goose/goose/core/registry.go:387.53,389.3 1 0
github.com/awesome-goose/goose/core/registry.go:391.2,391.38 1 0
github.com/awesome-goose/goose/core/registry.go:395.79,401.13 5 0
github.com/awesome-goose/goose/core/registry.go:401.13,403.3 1 0
github.com/awesome-goose/goose/core/registry.go:405.2,408.75 3 0
github.com/awesome-goose/goose/core/registry.go:408.75,410.43 1 0
github.com/awesome-goose/goose/core/registry.go:410.43,411.60 1 0
github.com/awesome-goose/goose/core/registry.go:411.60,413.5 1 0
github.com/awesome-goose/goose/core/registry.go:417.2,417.14 1 0
github.com/awesome-goose/goose/core/registry.go:421.49,426.38 4 0
github.com/awesome-goose/goose/core/registry.go:426.38,428.3 1 0
github.com/awesome-goose/goose/core/registry.go:429.2,429.16 1 0
github.com/awesome-goose/goose/core/registry.go:433.92,439.13 5 0
github.com/awesome-goose/goose/core/registry.go:439.13,441.3 1 0
github.com/awesome-goose/goose/core/registry.go:443.2,444.48 2 0
github.com/awesome-goose/goose/core/registry.go:444.48,446.3 1 0
github.com/awesome-goose/goose/core/registry.go:447.2,447.26 1 0
github.com/awesome-goose/goose/core/registry.go:451.59,456.44 4 0
github.com/awesome-goose/goose/core/registry.go:456.44,458.3 1 0
github.com/awesome-goose/goose/core/registry.go:459.2,459.16 1 0
github.com/awesome-goose/goose/core/router.go:25.26,29.2 1 1
github.com/awesome-goose/goose/core/router.go:32.31,36.2 3 0
github.com/awesome-goose/goose/core/router.go:38.116,39.21 1 1
github.com/awesome-goose/goose/core/router.go:39.21,41.3 1 1
github.com/awesome-goose/goose/core/router.go:43.2,47.46 3 1
github.com/awesome-goose/goose/core/router.go:47.46,51.34 3 0
github.com/awesome-goose/goose/core/router.go:51.34,53.4 1 0
github.com/awesome-goose/goose/core/router.go:54.3,54.38 1 0
github.com/awesome-goose/goose/core/router.go:56.2,59.16 3 1
github.com/awesome-goose/goose/core/router.go:59.16,61.3 1 0
github.com/awesome-goose/goose/core/router.go:63.2,63.23 1 1
github.com/awesome-goose/goose/core/router.go:63.23,67.40 2 1
github.com/awesome-goose/goose/core/router.go:67.40,69.4 1 0
github.com/awesome-goose/goose/core/router.go:70.3,75.33 3 1
github.com/awesome-goose/goose/core/router.go:78.2,78.119 1 1
github.com/awesome-goose/goose/core/router.go:81.198,82.21 1 1
github.com/awesome-goose/goose/core/router.go:82.21,84.3 1 0
github.com/awesome-goose/goose/core/router.go:86.2,91.38 4 1
github.com/awesome-goose/goose/core/router.go:91.38,96.24 2 1
github.com/awesome-goose/goose/core/router.go:96.24,98.12 2 1
github.com/awesome-goose/goose/core/router.go:102.3,103.48 2 1
github.com/awesome-goose/goose/core/router.go:103.48,105.4 1 1
github.com/awesome-goose/goose/core/router.go:108.3,109.29 2 1
github.com/awesome-goose/goose/core/router.go:109.29,111.39 1 1
github.com/awesome-goose/goose/core/router.go:111.39,112.13 1 0
github.com/awesome-goose/goose/core/router.go:115.4,116.29 2 1
github.com/awesome-goose/goose/core/router.go:116.29,118.5 1 0
github.com/awesome-goose/goose/core/router.go:120.4,121.38 2 1
github.com/awesome-goose/goose/core/router.go:121.38,122.38 1 1
github.com/awesome-goose/goose/core/router.go:122.38,125.6 1 1
github.com/awesome-goose/goose/core/router.go:125.11,125.31 1 1
github.com/awesome-goose/goose/core/router.go:125.31,127.11 2 0
github.com/awesome-goose/goose/core/router.go:131.4,131.16 1 1
github.com/awesome-goose/goose/core/router.go:131.16,132.13 1 0
github.com/awesome-goose/goose/core/router.go:136.4,138.37 2 1
github.com/awesome-goose/goose/core/router.go:138.37,139.31 1 1
github.com/awesome-goose/goose/core/router.go:139.31,143.6 3 1
github.com/awesome-goose/goose/core/router.go:147.4,147.27 1 0
github.com/awesome-goose/goose/core/router.go:147.27,149.40 2 0
github.com/awesome-goose/goose/core/router.go:149.40,151.6 1 0
github.com/awesome-goose/goose/core/router.go:153.4,153.12 1 0
github.com/awesome-goose/goose/core/router.go:158.3,160.48 3 1
github.com/awesome-goose/goose/core/router.go:160.48,163.4 2 1
github.com/awesome-goose/goose/core/router.go:165.3,165.87 1 1
github.com/awesome-goose/goose/core/router.go:165.87,166.12 1 1
github.com/awesome-goose/goose/core/router.go:170.3,171.28 2 1
github.com/awesome-goose/goose/core/router.go:171.28,173.4 1 1
github.com/awesome-goose/goose/core/router.go:174.3,174.14 1 1
github.com/awesome-goose/goose/core/router.go:174.14,176.4 1 1
github.com/awesome-goose/goose/core/router.go:179.3,179.31 1 1
github.com/awesome-goose/goose/core/router.go:179.31,180.30 1 1
github.com/awesome-goose/goose/core/router.go:180.30,184.5 3 1
github.com/awesome-goose/goose/core/router.go:187.4,187.27 1 1
github.com/awesome-goose/goose/core/router.go:187.27,188.42 1 0
github.com/awesome-goose/goose/core/router.go:188.42,190.51 2 0
github.com/awesome-goose/goose/core/router.go:190.51,192.7 1 0
github.com/awesome-goose/goose/core/router.go:193.6,195.51 3 0
github.com/awesome-goose/goose/core/router.go:195.51,198.7 2 0
github.com/awesome-goose/goose/core/router.go:199.6,199.71 1 0
github.com/awesome-goose/goose/core/router.go:199.71,203.38 4 0
github.com/awesome-goose/goose/core/router.go:203.38,205.8 1 0
github.com/awesome-goose/goose/core/router.go:206.7,206.23 1 0
github.com/awesome-goose/goose/core/router.go:206.23,208.8 1 0
github.com/awesome-goose/goose/core/router.go:209.7,209.43 1 0
github.com/awesome-goose/goose/core/router.go:216.3,216.26 1 1
github.com/awesome-goose/goose/core/router.go:216.26,218.18 2 1
github.com/awesome-goose/goose/core/router.go:218.18,219.26 1 0
github.com/awesome-goose/goose/core/router.go:219.26,221.6 1 0
github.com/awesome-goose/goose/core/router.go:222.10,222.32 1 1
github.com/awesome-goose/goose/core/router.go:222.32,224.5 1 1
github.com/awesome-goose/goose/core/router.go:228.2,228.26 1 1
github.com/awesome-goose/goose/core/router.go:228.26,230.3 1 1
github.com/awesome-goose/goose/core/router.go:232.2,232.25 1 1
github.com/awesome-goose/goose/core/serializer.go:14.34,16.2 1 1
github.com/awesome-goose/goose/core/serializer.go:18.77,20.2 1 1
github.com/awesome-goose/goose/core/serializer.go:22.72,23.18 1 1
github.com/awesome-goose/goose/core/serializer.go:23.18,25.3 1 1
github.com/awesome-goose/goose/core/serializer.go:27.2,27.37 1 1
github.com/awesome-goose/goose/core/serializer.go:27.37,29.3 1 1
github.com/awesome-goose/goose/core/serializer.go:31.2,33.30 2 1
github.com/awesome-goose/goose/core/serializer.go:33.30,34.17 1 1
github.com/awesome-goose/goose/core/serializer.go:34.17,36.4 1 1
github.com/awesome-goose/goose/core/serializer.go:37.3,37.39 1 1
github.com/awesome-goose/goose/core/serializer.go:40.2,40.76 1 1
github.com/awesome-goose/goose/core/serializer.go:40.76,42.3 1 1
github.com/awesome-goose/goose/core/serializer.go:44.2,44.19 1 1
github.com/awesome-goose/goose/core/serializer.go:45.22,46.58 1 1
github.com/awesome-goose/goose/core/serializer.go:48.20,49.74 1 1
github.com/awesome-goose/goose/core/serializer.go:51.78,52.78 1 1
github.com/awesome-goose/goose/core/serializer.go:54.100,55.80 1 1
github.com/awesome-goose/goose/core/serializer.go:57.40,58.91 1 1
github.com/awesome-goose/goose/core/serializer.go:60.65,62.17 2 1
github.com/awesome-goose/goose/core/serializer.go:62.17,64.4 1 0
github.com/awesome-goose/goose/core/serializer.go:65.3,65.40 1 1
github.com/awesome-goose/goose/core/serializer.go:67.10,68.81 1 0
github.com/awesome-goose/goose/core/services.go:16.40,19.4 2 0
github.com/awesome-goose/goose/core/services.go:20.37,22.4 1 0
github.com/awesome-goose/goose/core/services.go:23.34,36.4 1 0
github.com/awesome-goose/goose/core/services.go:37.54,39.4 1 0
github.com/awesome-goose/goose/core/services.go:40.70,42.4 1 0
github.com/awesome-goose/goose/core/services.go:43.77,45.4 1 0
github.com/awesome-goose/goose/core/stack.go:11.34,15.2 1 0
github.com/awesome-goose/goose/core/stack.go:17.33,21.2 3 0
github.com/awesome-goose/goose/core/stack.go:23.36,27.23 3 0
github.com/awesome-goose/goose/core/stack.go:27.23,30.3 2 0
github.com/awesome-goose/goose/core/stack.go:31.2,34.19 4 0
github.com/awesome-goose/goose/core/stack.go:37.37,41.23 3 0
github.com/awesome-goose/goose/core/stack.go:41.23,44.3 2 0
github.com/awesome-goose/goose/core/stack.go:45.2,45.38 1 0
github.com/awesome-goose/goose/core/stack.go:48.30,52.2 3 0
github.com/awesome-goose/goose/core/stack.go:55.55,59.41 3 0
github.com/awesome-goose/goose/core/stack.go:59.41,60.40 1 0
github.com/awesome-goose/goose/core/stack.go:60.40,62.4 1 0
github.com/awesome-goose/goose/core/stack.go:65.2,65.12 1 0
github.com/awesome-goose/goose/core/traverser.go:14.32,22.2 2 0
github.com/awesome-goose/goose/core/traverser.go:24.55,26.49 1 0
github.com/awesome-goose/goose/core/traverser.go:26.49,28.3 1 0
github.com/awesome-goose/goose/core/traverser.go:31.2,33.12 2 0
github.com/awesome-goose/goose/core/traverser.go:36.49,38.2 1 0
github.com/awesome-goose/goose/core/traverser.go:40.47,42.2 1 0
github.com/awesome-goose/goose/core/traverser.go:44.73,46.2 1 0
github.com/awesome-goose/goose/core/traverser.go:48.77,50.2 1 0
github.com/awesome-goose/goose/core/traverser.go:53.36,56.50 2 0
github.com/awesome-goose/goose/core/traverser.go:56.50,58.20 1 0
github.com/awesome-goose/goose/core/traverser.go:58.20,60.51 2 0
github.com/awesome-goose/goose/core/traverser.go:60.51,62.5 1 0
github.com/awesome-goose/goose/core/traverser.go:63.4,63.59 1 0
github.com/awesome-goose/goose/core/traverser.go:63.59,65.5 1 0
github.com/awesome-goose/goose/core/traverser.go:69.3,70.17 2 0
github.com/awesome-goose/goose/core/traverser.go:70.17,71.12 1 0
github.com/awesome-goose/goose/core/traverser.go:74.3,74.37 1 0
github.com/awesome-goose/goose/core/traverser.go:74.37,75.51 1 0
github.com/awesome-goose/goose/core/traverser.go:75.51,76.13 1 0
github.com/awesome-goose/goose/core/traverser.go:78.4,80.58 2 0
github.com/awesome-goose/goose/core/traverser.go:80.58,82.5 1 0
github.com/awesome-goose/goose/core/traverser.go:83.4,83.66 1 0
github.com/awesome-goose/goose/core/traverser.go:83.66,85.5 1 0
github.com/awesome-goose/goose/env/index.go:14.20,18.2 3 1
github.com/awesome-goose/goose/env/index.go:21.55,22.30 1 1
github.com/awesome-goose/goose/env/index.go:22.30,24.3 1 1
github.com/awesome-goose/goose/env/index.go:28.38,29.33 1 1
github.com/awesome-goose/goose/env/index.go:29.33,31.3 1 1
github.com/awesome-goose/goose/env/index.go:33.2,33.11 1 1
github.com/awesome-goose/goose/env/index.go:37.38,39.2 1 1
github.com/awesome-goose/goose/env/index.go:42.63,43.33 1 1
github.com/awesome-goose/goose/env/index.go:43.33,45.3 1 1
github.com/awesome-goose/goose/env/index.go:47.2,47.21 1 1
github.com/awesome-goose/goose/env/index.go:51.38,53.15 2 1
github.com/awesome-goose/goose/env/index.go:53.15,55.3 1 1
github.com/awesome-goose/goose/env/index.go:56.2,57.16 2 1
github.com/awesome-goose/goose/env/index.go:57.16,59.3 1 1
github.com/awesome-goose/goose/env/index.go:60.2,60.10 1 1
github.com/awesome-goose/goose/env/index.go:64.40,66.15 2 1
github.com/awesome-goose/goose/env/index.go:66.15,68.3 1 1
github.com/awesome-goose/goose/env/index.go:69.2,70.16 2 1
github.com/awesome-goose/goose/env/index.go:70.16,72.3 1 1
github.com/awesome-goose/goose/env/index.go:73.2,73.10 1 1
github.com/awesome-goose/goose/env/index.go:77.44,79.15 2 1
github.com/awesome-goose/goose/env/index.go:79.15,81.3 1 1
github.com/awesome-goose/goose/env/index.go:82.2,83.16 2 1
github.com/awesome-goose/goose/env/index.go:83.16,85.3 1 1
github.com/awesome-goose/goose/env/index.go:86.2,86.10 1 1
github.com/awesome-goose/goose/env/sources/file.go:14.40,16.2 1 1
github.com/awesome-goose/goose/env/sources/file.go:20.45,22.16 2 1
github.com/awesome-goose/goose/env/sources/file.go:22.16,24.3 1 0
github.com/awesome-goose/goose/env/sources/file.go:25.2,27.16 3 1
github.com/awesome-goose/goose/env/sources/file.go:27.16,29.3 1 1
github.com/awesome-goose/goose/env/sources/file.go:30.2,40.21 4 0
github.com/awesome-goose/goose/env/sources/file.go:40.21,44.18 2 0
github.com/awesome-goose/goose/env/sources/file.go:44.18,47.27 3 0
github.com/awesome-goose/goose/env/sources/file.go:47.27,49.59 1 0
github.com/awesome-goose/goose/env/sources/file.go:49.59,56.6 6 0
github.com/awesome-goose/goose/env/sources/file.go:57.5,57.13 1 0
github.com/awesome-goose/goose/env/sources/file.go:60.4,60.41 1 0
github.com/awesome-goose/goose/env/sources/file.go:60.41,66.5 5 0
github.com/awesome-goose/goose/env/sources/file.go:67.4,67.12 1 0
github.com/awesome-goose/goose/env/sources/file.go:70.3,73.49 2 0
github.com/awesome-goose/goose/env/sources/file.go:73.49,74.12 1 0
github.com/awesome-goose/goose/env/sources/file.go:78.3,78.41 1 0
github.com/awesome-goose/goose/env/sources/file.go:78.41,81.4 2 0
github.com/awesome-goose/goose/env/sources/file.go:84.3,85.22 2 0
github.com/awesome-goose/goose/env/sources/file.go:85.22,86.12 1 0
github.com/awesome-goose/goose/env/sources/file.go:89.3,90.16 2 0
github.com/awesome-goose/goose/env/sources/file.go:90.16,91.12 1 0
github.com/awesome-goose/goose/env/sources/file.go:94.3,97.109 2 0
github.com/awesome-goose/goose/env/sources/file.go:97.109,102.12 5 0
github.com/awesome-goose/goose/env/sources/file.go:106.3,106.37 1 0
github.com/awesome-goose/goose/env/sources/file.go:106.37,111.12 5 0
github.com/awesome-goose/goose/env/sources/file.go:115.3,115.22 1 0
github.com/awesome-goose/goose/env/sources/file.go:115.22,117.35 2 0
github.com/awesome-goose/goose/env/sources/file.go:117.35,120.5 2 0
github.com/awesome-goose/goose/env/sources/file.go:120.10,120.44 1 0
github.com/awesome-goose/goose/env/sources/file.go:120.44,122.5 1 0
github.com/awesome-goose/goose/env/sources/file.go:122.10,124.53 2 0
github.com/awesome-goose/goose/env/sources/file.go:124.53,126.6 1 0
github.com/awesome-goose/goose/env/sources/file.go:128.9,130.4 1 0
github.com/awesome-goose/goose/env/sources/file.go:132.3,134.24 3 0
github.com/awesome-goose/goose/env/sources/file.go:139.37,148.2 2 0
github.com/awesome-goose/goose/env/sources/file.go:151.49,153.21 2 0
github.com/awesome-goose/goose/env/sources/file.go:153.21,155.19 2 0
github.com/awesome-goose/goose/env/sources/file.go:155.19,156.9 1 0
github.com/awesome-goose/goose/env/sources/file.go:158.3,162.36 5 0
github.com/awesome-goose/goose/env/sources/file.go:164.2,164.10 1 0
github.com/awesome-goose/goose/env/sources/os.go:12.36,14.2 1 1
github.com/awesome-goose/goose/env/sources/os.go:16.43,18.25 2 1
github.com/awesome-goose/goose/env/sources/os.go:18.25,20.22 2 1
github.com/awesome-goose/goose/env/sources/os.go:20.22,22.4 1 1
github.com/awesome-goose/goose/errors/index.go:17.64,19.2 1 1
github.com/awesome-goose/goose/errors/index.go:21.82,23.2 1 1
github.com/awesome-goose/goose/errors/index.go:25.76,27.2 1 1
github.com/awesome-goose/goose/errors/index.go:29.32,30.14 1 1
github.com/awesome-goose/goose/errors/index.go:30.14,32.3 1 1
github.com/awesome-goose/goose/errors/index.go:33.2,33.18 1 1
github.com/awesome-goose/goose/errors/index.go:33.18,34.21 1 1
github.com/awesome-goose/goose/errors/index.go:34.21,36.4 1 1
github.com/awesome-goose/goose/errors/index.go:37.3,37.61 1 0
github.com/awesome-goose/goose/errors/index.go:39.2,39.20 1 1
github.com/awesome-goose/goose/errors/index.go:39.20,41.3 1 1
github.com/awesome-goose/goose/errors/index.go:42.2,42.49 1 1
github.com/awesome-goose/goose/errors/index.go:45.32,46.14 1 1
github.com/awesome-goose/goose/errors/index.go:46.14,48.3 1 1
github.com/awesome-goose/goose/errors/index.go:49.2,49.14 1 1
github.com/awesome-goose/goose/errors/index.go:52.39,54.9 2 1
github.com/awesome-goose/goose/errors/index.go:54.9,56.3 1 1
github.com/awesome-goose/goose/errors/index.go:57.2,57.25 1 1
github.com/awesome-goose/goose/errors/index.go:60.37,62.2 1 0
github.com/awesome-goose/goose/errors/index.go:64.43,67.2 2 1
github.com/awesome-goose/goose/errors/index.go:69.45,72.2 2 1
github.com/awesome-goose/goose/errors/index.go:74.33,76.2 1 1
github.com/awesome-goose/goose/errors/index.go:78.34,79.14 1 1
github.com/awesome-goose/goose/errors/index.go:79.14,81.3 1 1
github.com/awesome-goose/goose/errors/index.go:82.2,82.15 1 1
github.com/awesome-goose/goose/errors/index.go:85.37,86.14 1 1
github.com/awesome-goose/goose/errors/index.go:86.14,88.3 1 1
github.com/awesome-goose/goose/errors/index.go:89.2,89.18 1 1
github.com/awesome-goose/goose/errors/index.go:92.31,93.14 1 1
github.com/awesome-goose/goose/errors/index.go:93.14,95.3 1 1
github.com/awesome-goose/goose/errors/index.go:96.2,96.15 1 1
github.com/awesome-goose/goose/errors/index.go:99.36,100.14 1 1
github.com/awesome-goose/goose/errors/index.go:100.14,102.3 1 1
github.com/awesome-goose/goose/errors/index.go:103.2,103.17 1 1
github.com/awesome-goose/goose/errors/index.go:106.45,107.14 1 1
github.com/awesome-goose/goose/errors/index.go:107.14,109.3 1 1
github.com/awesome-goose/goose/errors/index.go:110.2,110.26 1 1
github.com/awesome-goose/goose/errors/index.go:113.50,116.2 2 1
github.com/awesome-goose/goose/errors/index.go:118.59,121.2 2 1
github.com/awesome-goose/goose/io/input/index.go:19.45,21.2 1 0
github.com/awesome-goose/goose/io/input/index.go:23.45,25.42 2 0
github.com/awesome-goose/goose/io/input/index.go:25.42,27.3 1 0
github.com/awesome-goose/goose/io/input/index.go:29.2,30.32 2 0
github.com/awesome-goose/goose/io/input/index.go:30.32,32.3 1 0
github.com/awesome-goose/goose/io/input/index.go:34.2,46.28 8 0
github.com/awesome-goose/goose/io/input/index.go:46.28,47.17 1 0
github.com/awesome-goose/goose/io/input/index.go:47.17,49.4 1 0
github.com/awesome-goose/goose/io/input/index.go:50.3,53.17 3 0
github.com/awesome-goose/goose/io/input/index.go:53.17,55.4 1 0
github.com/awesome-goose/goose/io/input/index.go:56.3,56.21 1 0
github.com/awesome-goose/goose/io/input/index.go:56.21,58.4 1 0
github.com/awesome-goose/goose/io/input/index.go:61.3,61.57 1 0
github.com/awesome-goose/goose/io/input/index.go:61.57,63.4 1 0
github.com/awesome-goose/goose/io/input/index.go:66.3,67.13 2 0
github.com/awesome-goose/goose/io/input/index.go:70.2,70.42 1 0
github.com/awesome-goose/goose/io/input/index.go:70.42,74.27 3 0
github.com/awesome-goose/goose/io/input/index.go:74.27,75.12 1 0
github.com/awesome-goose/goose/io/input/index.go:79.3,79.48 1 0
github.com/awesome-goose/goose/io/input/index.go:79.48,80.57 1 0
github.com/awesome-goose/goose/io/input/index.go:80.57,81.64 1 0
github.com/awesome-goose/goose/io/input/index.go:81.64,83.6 1 0
github.com/awesome-goose/goose/io/input/index.go:84.5,84.13 1 0
github.com/awesome-goose/goose/io/input/index.go:89.3,89.49 1 0
github.com/awesome-goose/goose/io/input/index.go:89.49,90.54 1 0
github.com/awesome-goose/goose/io/input/index.go:90.54,91.63 1 0
github.com/awesome-goose/goose/io/input/index.go:91.63,93.6 1 0
github.com/awesome-goose/goose/io/input/index.go:94.5,94.13 1 0
github.com/awesome-goose/goose/io/input/index.go:99.3,99.47 1 0
github.com/awesome-goose/goose/io/input/index.go:99.47,100.36 1 0
github.com/awesome-goose/goose/io/input/index.go:100.36,101.60 1 0
github.com/awesome-goose/goose/io/input/index.go:101.60,103.6 1 0
github.com/awesome-goose/goose/io/input/index.go:104.5,104.13 1 0
github.com/awesome-goose/goose/io/input/index.go:109.3,109.47 1 0
github.com/awesome-goose/goose/io/input/index.go:109.47,110.37 1 0
github.com/awesome-goose/goose/io/input/index.go:110.37,111.60 1 0
github.com/awesome-goose/goose/io/input/index.go:111.60,113.6 1 0
github.com/awesome-goose/goose/io/input/index.go:114.5,114.13 1 0
github.com/awesome-goose/goose/io/input/index.go:119.3,119.46 1 0
github.com/awesome-goose/goose/io/input/index.go:119.46,120.37 1 0
github.com/awesome-goose/goose/io/input/index.go:120.37,121.60 1 0
github.com/awesome-goose/goose/io/input/index.go:121.60,123.6 1 0
github.com/awesome-goose/goose/io/input/index.go:124.5,124.13 1 0
github.com/awesome-goose/goose/io/input/index.go:129.3,129.46 1 0
github.com/awesome-goose/goose/io/input/index.go:129.46,130.38 1 0
github.com/awesome-goose/goose/io/input/index.go:130.38,132.5 1 0
github.com/awesome-goose/goose/io/input/index.go:133.4,133.23 1 0
github.com/awesome-goose/goose/io/input/index.go:133.23,134.48 1 0
github.com/awesome-goose/goose/io/input/index.go:134.48,135.61 1 0
github.com/awesome-goose/goose/io/input/index.go:135.61,137.7 1 0
github.com/awesome-goose/goose/io/input/index.go:138.6,138.14 1 0
github.com/awesome-goose/goose/io/input/index.go:144.3,144.46 1 0
github.com/awesome-goose/goose/io/input/index.go:144.46,147.22 2 0
github.com/awesome-goose/goose/io/input/index.go:147.22,148.13 1 0
github.com/awesome-goose/goose/io/input/index.go:151.4,151.38 1 0
github.com/awesome-goose/goose/io/input/index.go:151.38,153.5 1 0
github.com/awesome-goose/goose/io/input/index.go:155.4,155.23 1 0
github.com/awesome-goose/goose/io/input/index.go:155.23,156.41 1 0
github.com/awesome-goose/goose/io/input/index.go:156.41,157.67 1 0
github.com/awesome-goose/goose/io/input/index.go:157.67,159.7 1 0
github.com/awesome-goose/goose/io/input/index.go:160.11,161.44 1 0
github.com/awesome-goose/goose/io/input/index.go:161.44,162.65 1 0
github.com/awesome-goose/goose/io/input/index.go:162.65,164.8 1 0
github.com/awesome-goose/goose/io/input/index.go:171.2,171.12 1 0
github.com/awesome-goose/goose/io/input/index.go:174.61,175.22 1 0
github.com/awesome-goose/goose/io/input/index.go:176.22,177.25 1 0
github.com/awesome-goose/goose/io/input/index.go:178.78,180.17 2 0
github.com/awesome-goose/goose/io/input/index.go:180.17,182.4 1 0
github.com/awesome-goose/goose/io/input/index.go:183.3,183.23 1 0
github.com/awesome-goose/goose/io/input/index.go:184.83,186.17 2 0
github.com/awesome-goose/goose/io/input/index.go:186.17,188.4 1 0
github.com/awesome-goose/goose/io/input/index.go:189.3,189.25 1 0
github.com/awesome-goose/goose/io/input/index.go:190.40,192.17 2 0
github.com/awesome-goose/goose/io/input/index.go:192.17,194.4 1 0
github.com/awesome-goose/goose/io/input/index.go:195.3,195.27 1 0
github.com/awesome-goose/goose/io/input/index.go:196.20,198.17 2 0
github.com/awesome-goose/goose/io/input/index.go:198.17,200.4 1 0
github.com/awesome-goose/goose/io/input/index.go:201.3,201.25 1 0
github.com/awesome-goose/goose/io/input/index.go:202.21,203.51 1 0
github.com/awesome-goose/goose/io/input/index.go:203.51,205.4 1 0
github.com/awesome-goose/goose/io/input/index.go:205.9,207.4 1 0
github.com/awesome-goose/goose/io/input/index.go:208.10,209.63 1 0
github.com/awesome-goose/goose/io/input/index.go:211.2,211.12 1 0
github.com/awesome-goose/goose/io/input/index.go:214.61,215.18 1 0
github.com/awesome-goose/goose/io/input/index.go:215.18,217.3 1 0
github.com/awesome-goose/goose/io/input/index.go:219.2,223.49 3 0
github.com/awesome-goose/goose/io/input/index.go:223.49,226.3 2 0
github.com/awesome-goose/goose/io/input/index.go:229.2,229.22 1 0
github.com/awesome-goose/goose/io/input/index.go:230.22,231.28 1 0
github.com/awesome-goose/goose/io/input/index.go:232.15,233.22 1 0
github.com/awesome-goose/goose/io/input/index.go:234.16,235.56 1 0
github.com/awesome-goose/goose/io/input/index.go:236.11,237.56 1 0
github.com/awesome-goose/goose/io/input/index.go:239.78,240.28 1 0
github.com/awesome-goose/goose/io/input/index.go:241.16,242.26 1 0
github.com/awesome-goose/goose/io/input/index.go:243.15,245.18 2 0
github.com/awesome-goose/goose/io/input/index.go:245.18,247.5 1 0
github.com/awesome-goose/goose/io/input/index.go:248.4,248.24 1 0
github.com/awesome-goose/goose/io/input/index.go:249.11,250.55 1 0
github.com/awesome-goose/goose/io/input/index.go:252.83,253.28 1 0
github.com/awesome-goose/goose/io/input/index.go:254.16,255.28 1 0
github.com/awesome-goose/goose/io/input/index.go:256.15,258.18 2 0
github.com/awesome-goose/goose/io/input/index.go:258.18,260.5 1 0
github.com/awesome-goose/goose/io/input/index.go:261.4,261.26 1 0
github.com/awesome-goose/goose/io/input/index.go:262.11,263.56 1 0
github.com/awesome-goose/goose/io/input/index.go:265.40,266.28 1 0
github.com/awesome-goose/goose/io/input/index.go:267.16,268.21 1 0
github.com/awesome-goose/goose/io/input/index.go:269.15,271.18 2 0
github.com/awesome-goose/goose/io/input/index.go:271.18,273.5 1 0
github.com/awesome-goose/goose/io/input/index.go:274.4,274.28 1 0
github.com/awesome-goose/goose/io/input/index.go:275.11,276.57 1 0
github.com/awesome-goose/goose/io/input/index.go:278.20,279.28 1 0
github.com/awesome-goose/goose/io/input/index.go:280.13,281.20 1 0
github.com/awesome-goose/goose/io/input/index.go:282.15,284.18 2 0
github.com/awesome-goose/goose/io/input/index.go:284.18,286.5 1 0
github.com/awesome-goose/goose/io/input/index.go:287.4,287.26 1 0
github.com/awesome-goose/goose/io/input/index.go:288.11,289.56 1 0
github.com/awesome-goose/goose/io/input/index.go:291.50,294.17 2 0
github.com/awesome-goose/goose/io/input/index.go:294.17,296.4 1 0
github.com/awesome-goose/goose/io/input/index.go:297.3,298.71 2 0
github.com/awesome-goose/goose/io/input/index.go:298.71,300.4 1 0
github.com/awesome-goose/goose/io/input/index.go:301.3,301.27 1 0
github.com/awesome-goose/goose/io/input/index.go:302.19,305.64 2 0
github.com/awesome-goose/goose/io/input/index.go:305.64,307.4 1 0
github.com/awesome-goose/goose/io/input/index.go:308.3,308.20 1 0
github.com/awesome-goose/goose/io/input/index.go:309.10,310.67 1 0
github.com/awesome-goose/goose/io/input/index.go:312.2,312.12 1 0
github.com/awesome-goose/goose/log/log.go:11.40,13.2 1 0
github.com/awesome-goose/goose/log/log.go:22.64,24.19 2 0
github.com/awesome-goose/goose/log/log.go:24.19,35.3 2 0
github.com/awesome-goose/goose/log/log.go:37.2,41.23 4 0
github.com/awesome-goose/goose/log/log.go:44.40,48.2 3 0
github.com/awesome-goose/goose/log/log.go:50.60,53.2 2 0
github.com/awesome-goose/goose/log/log.go:55.51,63.2 1 0
github.com/awesome-goose/goose/log/log.go:65.50,73.2 1 0
github.com/awesome-goose/goose/log/log.go:75.52,83.2 1 0
github.com/awesome-goose/goose/log/log.go:85.53,93.2 1 0
github.com/awesome-goose/goose/log/log.go:95.51,103.2 1 0
github.com/awesome-goose/goose/log/log.go:105.54,113.2 1 0
github.com/awesome-goose/goose/log/log.go:115.51,123.2 1 0
github.com/awesome-goose/goose/log/log.go:125.55,133.2 1 0
github.com/awesome-goose/goose/log/log.go:135.44,137.9 2 0
github.com/awesome-goose/goose/log/log.go:137.9,138.54 1 0
github.com/awesome-goose/goose/log/log.go:141.2,141.33 1 0
github.com/awesome-goose/goose/log/log.go:141.33,143.3 1 0
github.com/awesome-goose/goose/log/logger.go:11.106,13.2 1 0
github.com/awesome-goose/goose/log/logger.go:15.49,16.33 1 0
github.com/awesome-goose/goose/log/logger.go:16.33,18.40 1 0
github.com/awesome-goose/goose/log/logger.go:18.40,20.4 1 0
github.com/awesome-goose/goose/log/logger.go:22.3,22.50 1 0
github.com/awesome-goose/goose/log/noop.go:7.38,9.2 1 0
github.com/awesome-goose/goose/log/noop.go:11.65,13.2 1 0
github.com/awesome-goose/goose/log/noop.go:17.40,19.2 1 0
github.com/awesome-goose/goose/log/noop.go:21.60,23.2 1 0
github.com/awesome-goose/goose/log/noop.go:27.40,29.2 1 0
github.com/awesome-goose/goose/log/noop.go:31.49,31.50 0 0
github.com/awesome-goose/goose/log/formatters/json.go:13.22,15.2 1 0
github.com/awesome-goose/goose/log/formatters/json.go:17.51,19.16 2 0
github.com/awesome-goose/goose/log/formatters/json.go:19.16,28.3 2 0
github.com/awesome-goose/goose/log/formatters/json.go:30.2,30.10 1 0
github.com/awesome-goose/goose/log/formatters/line.go:12.22,14.2 1 0
github.com/awesome-goose/goose/log/formatters/line.go:16.51,18.27 2 0
github.com/awesome-goose/goose/log/formatters/line.go:18.27,20.3 1 0
github.com/awesome-goose/goose/log/formatters/line.go:22.2,31.21 2 0
github.com/awesome-goose/goose/log/formatters/syslog.go:16.49,21.2 1 0
github.com/awesome-goose/goose/log/formatters/syslog.go:23.53,24.16 1 0
github.com/awesome-goose/goose/log/formatters/syslog.go:24.16,26.3 1 0
github.com/awesome-goose/goose/log/formatters/syslog.go:28.2,28.21 1 0
github.com/awesome-goose/goose/log/formatters/syslog.go:28.21,30.3 1 0
github.com/awesome-goose/goose/log/formatters/syslog.go:32.2,42.20 4 0
github.com/awesome-goose/goose/log/modifiers/color.go:11.48,13.2 1 0
github.com/awesome-goose/goose/log/modifiers/color.go:15.70,19.22 3 0
github.com/awesome-goose/goose/log/modifiers/color.go:20.27,21.26 1 0
github.com/awesome-goose/goose/log/modifiers/color.go:22.48,23.26 1 0
github.com/awesome-goose/goose/log/modifiers/color.go:24.29,25.26 1 0
github.com/awesome-goose/goose/log/modifiers/color.go:26.51,27.26 1 0
github.com/awesome-goose/goose/log/modifiers/color.go:28.52,29.28 1 0
github.com/awesome-goose/goose/log/modifiers/color.go:30.10,32.16 2 0
github.com/awesome-goose/goose/log/modifiers/color.go:35.2,36.15 2 0
github.com/awesome-goose/goose/log/modifiers/stack-trace.go:12.34,14.2 1 0
github.com/awesome-goose/goose/log/modifiers/stack-trace.go:16.63,22.2 3 0
github.com/awesome-goose/goose/log/modifiers/system-info.go:13.34,15.2 1 0
github.com/awesome-goose/goose/log/modifiers/system-info.go:17.63,34.2 4 0
github.com/awesome-goose/goose/log/modifiers/uuid.go:11.22,13.2 1 0
github.com/awesome-goose/goose/log/modifiers/uuid.go:15.57,21.2 2 0
github.com/awesome-goose/goose/log/processors/console.go:9.28,11.2 1 0
github.com/awesome-goose/goose/log/processors/console.go:13.42,15.2 1 0
github.com/awesome-goose/goose/log/processors/file.go:14.56,15.21 1 0
github.com/awesome-goose/goose/log/processors/file.go:15.21,17.3 1 0
github.com/awesome-goose/goose/log/processors/file.go:19.2,21.3 1 0
github.com/awesome-goose/goose/log/processors/file.go:24.48,36.58 3 0
github.com/awesome-goose/goose/log/processors/file.go:36.58,39.3 2 0
github.com/awesome-goose/goose/log/processors/file.go:42.2,44.16 3 0
github.com/awesome-goose/goose/log/processors/file.go:44.16,47.3 2 0
github.com/awesome-goose/goose/log/processors/file.go:48.2,51.60 2 0
github.com/awesome-goose/goose/log/processors/file.go:51.60,53.3 1 0
github.com/awesome-goose/goose/log/processors/syslog.go:17.45,21.16 2 0
github.com/awesome-goose/goose/log/processors/syslog.go:21.16,23.69 1 0
github.com/awesome-goose/goose/log/processors/syslog.go:23.69,25.4 1 0
github.com/awesome-goose/goose/log/processors/syslog.go:26.3,26.18 1 0
github.com/awesome-goose/goose/log/processors/syslog.go:30.2,31.53 2 0
github.com/awesome-goose/goose/log/processors/syslog.go:31.53,34.3 2 0
github.com/awesome-goose/goose/log/processors/syslog.go:36.2,36.37 1 0
github.com/awesome-goose/goose/log/processors/syslog.go:39.41,40.21 1 0
github.com/awesome-goose/goose/log/processors/syslog.go:40.21,42.3 1 0
github.com/awesome-goose/goose/log/processors/syslog.go:44.2,47.9 3 0
github.com/awesome-goose/goose/log/processors/syslog.go:48.40,49.26 1 0
github.com/awesome-goose/goose/log/processors/syslog.go:50.39,51.25 1 0
github.com/awesome-goose/goose/log/processors/syslog.go:52.41,53.27 1 0
github.com/awesome-goose/goose/log/processors/syslog.go:54.42,55.28 1 0
github.com/awesome-goose/goose/log/processors/syslog.go:56.40,57.24 1 0
github.com/awesome-goose/goose/log/processors/syslog.go:58.43,59.25 1 0
github.com/awesome-goose/goose/log/processors/syslog.go:60.40,61.26 1 0
github.com/awesome-goose/goose/log/processors/syslog.go:62.44,63.26 1 0
github.com/awesome-goose/goose/log/processors/syslog.go:64.10,65.25 1 0
github.com/awesome-goose/goose/testing/assert.go:19.27,22.2 2 1
github.com/awesome-goose/goose/testing/assert.go:25.28,27.2 1 1
github.com/awesome-goose/goose/testing/assert.go:30.43,36.2 2 1
github.com/awesome-goose/goose/testing/assert.go:46.38,49.2 2 1
github.com/awesome-goose/goose/testing/assert.go:52.46,54.15 2 1
github.com/awesome-goose/goose/testing/assert.go:54.15,55.44 1 1
github.com/awesome-goose/goose/testing/assert.go:55.44,57.4 1 0
github.com/awesome-goose/goose/testing/assert.go:58.8,59.45 1 1
github.com/awesome-goose/goose/testing/assert.go:59.45,61.4 1 0
github.com/awesome-goose/goose/testing/assert.go:63.2,63.12 1 1
github.com/awesome-goose/goose/testing/assert.go:67.50,70.15 3 0
github.com/awesome-goose/goose/testing/assert.go:70.15,71.12 1 0
github.com/awesome-goose/goose/testing/assert.go:71.12,73.4 1 0
github.com/awesome-goose/goose/testing/assert.go:74.8,75.13 1 0
github.com/awesome-goose/goose/testing/assert.go:75.13,77.4 1 0
github.com/awesome-goose/goose/testing/assert.go:79.2,79.12 1 0
github.com/awesome-goose/goose/testing/assert.go:83.43,85.15 2 0
github.com/awesome-goose/goose/testing/assert.go:85.15,86.27 1 0
github.com/awesome-goose/goose/testing/assert.go:86.27,88.4 1 0
github.com/awesome-goose/goose/testing/assert.go:89.8,90.27 1 0
github.com/awesome-goose/goose/testing/assert.go:90.27,92.4 1 0
github.com/awesome-goose/goose/testing/assert.go:94.2,94.12 1 0
github.com/awesome-goose/goose/testing/assert.go:98.34,100.15 2 1
github.com/awesome-goose/goose/testing/assert.go:100.15,101.22 1 1
github.com/awesome-goose/goose/testing/assert.go:101.22,103.4 1 0
github.com/awesome-goose/goose/testing/assert.go:104.8,105.23 1 1
github.com/awesome-goose/goose/testing/assert.go:105.23,107.4 1 0
github.com/awesome-goose/goose/testing/assert.go:109.2,109.12 1 1
github.com/awesome-goose/goose/testing/assert.go:113.35,116.15 3 1
github.com/awesome-goose/goose/testing/assert.go:116.15,117.13 1 0
github.com/awesome-goose/goose/testing/assert.go:117.13,119.4 1 0
github.com/awesome-goose/goose/testing/assert.go:120.8,121.14 1 1
github.com/awesome-goose/goose/testing/assert.go:121.14,123.4 1 0
github.com/awesome-goose/goose/testing/assert.go:125.2,125.12 1 1
github.com/awesome-goose/goose/testing/assert.go:129.36,132.15 3 1
github.com/awesome-goose/goose/testing/assert.go:132.15,133.14 1 0
github.com/awesome-goose/goose/testing/assert.go:133.14,135.4 1 0
github.com/awesome-goose/goose/testing/assert.go:136.8,137.15 1 1
github.com/awesome-goose/goose/testing/assert.go:137.15,139.4 1 0
github.com/awesome-goose/goose/testing/assert.go:141.2,141.12 1 1
github.com/awesome-goose/goose/testing/assert.go:145.36,148.15 3 0
github.com/awesome-goose/goose/testing/assert.go:148.15,149.13 1 0
github.com/awesome-goose/goose/testing/assert.go:149.13,151.4 1 0
github.com/awesome-goose/goose/testing/assert.go:152.8,153.13 1 0
github.com/awesome-goose/goose/testing/assert.go:153.13,155.4 1 0
github.com/awesome-goose/goose/testing/assert.go:157.2,157.12 1 0
github.com/awesome-goose/goose/testing/assert.go:161.51,164.15 3 1
github.com/awesome-goose/goose/testing/assert.go:164.15,165.20 1 0
github.com/awesome-goose/goose/testing/assert.go:165.20,167.4 1 0
github.com/awesome-goose/goose/testing/assert.go:168.8,169.20 1 1
github.com/awesome-goose/goose/testing/assert.go:169.20,171.4 1 0
github.com/awesome-goose/goose/testing/assert.go:173.2,173.12 1 1
github.com/awesome-goose/goose/testing/assert.go:177.48,179.15 2 1
github.com/awesome-goose/goose/testing/assert.go:179.15,180.35 1 0
github.com/awesome-goose/goose/testing/assert.go:180.35,182.4 1 0
github.com/awesome-goose/goose/testing/assert.go:183.8,184.36 1 1
github.com/awesome-goose/goose/testing/assert.go:184.36,186.4 1 0
github.com/awesome-goose/goose/testing/assert.go:188.2,188.12 1 1
github.com/awesome-goose/goose/testing/assert.go:192.57,195.9 3 1
github.com/awesome-goose/goose/testing/assert.go:195.9,198.3 2 0
github.com/awesome-goose/goose/testing/assert.go:199.2,199.15 1 1
github.com/awesome-goose/goose/testing/assert.go:199.15,200.44 1 0
github.com/awesome-goose/goose/testing/assert.go:200.44,202.4 1 0
github.com/awesome-goose/goose/testing/assert.go:203.8,204.45 1 1
github.com/awesome-goose/goose/testing/assert.go:204.45,206.4 1 0
github.com/awesome-goose/goose/testing/assert.go:208.2,208.12 1 1
github.com/awesome-goose/goose/testing/assert.go:212.54,215.9 3 0
github.com/awesome-goose/goose/testing/assert.go:215.9,218.3 2 0
github.com/awesome-goose/goose/testing/assert.go:219.2,219.15 1 0
github.com/awesome-goose/goose/testing/assert.go:219.15,220.45 1 0
github.com/awesome-goose/goose/testing/assert.go:220.45,222.4 1 0
github.com/awesome-goose/goose/testing/assert.go:223.8,224.46 1 0
github.com/awesome-goose/goose/testing/assert.go:224.46,226.4 1 0
github.com/awesome-goose/goose/testing/assert.go:228.2,228.12 1 0
github.com/awesome-goose/goose/testing/assert.go:232.54,235.9 3 0
github.com/awesome-goose/goose/testing/assert.go:235.9,238.3 2 0
github.com/awesome-goose/goose/testing/assert.go:239.2,239.15 1 0
github.com/awesome-goose/goose/testing/assert.go:239.15,240.45 1 0
github.com/awesome-goose/goose/testing/assert.go:240.45,242.4 1 0
github.com/awesome-goose/goose/testing/assert.go:243.8,244.46 1 0
github.com/awesome-goose/goose/testing/assert.go:244.46,246.4 1 0
github.com/awesome-goose/goose/testing/assert.go:248.2,248.12 1 0
github.com/awesome-goose/goose/testing/assert.go:252.54,254.51 2 0
github.com/awesome-goose/goose/testing/assert.go:254.51,255.14 1 0
github.com/awesome-goose/goose/testing/assert.go:255.14,257.4 1 0
github.com/awesome-goose/goose/testing/assert.go:258.8,259.15 1 0
github.com/awesome-goose/goose/testing/assert.go:259.15,261.4 1 0
github.com/awesome-goose/goose/testing/assert.go:263.2,263.12 1 0
github.com/awesome-goose/goose/testing/assert.go:267.51,269.51 2 0
github.com/awesome-goose/goose/testing/assert.go:269.51,270.14 1 0
github.com/awesome-goose/goose/testing/assert.go:270.14,272.4 1 0
github.com/awesome-goose/goose/testing/assert.go:273.8,274.15 1 0
github.com/awesome-goose/goose/testing/assert.go:274.15,276.4 1 0
github.com/awesome-goose/goose/testing/assert.go:278.2,278.12 1 0
github.com/awesome-goose/goose/testing/assert.go:282.57,284.51 2 0
github.com/awesome-goose/goose/testing/assert.go:284.51,285.15 1 0
github.com/awesome-goose/goose/testing/assert.go:285.15,287.4 1 0
github.com/awesome-goose/goose/testing/assert.go:288.8,289.14 1 0
github.com/awesome-goose/goose/testing/assert.go:289.14,291.4 1 0
github.com/awesome-goose/goose/testing/assert.go:293.2,293.12 1 0
github.com/awesome-goose/goose/testing/assert.go:297.54,299.51 2 0
github.com/awesome-goose/goose/testing/assert.go:299.51,300.15 1 0
github.com/awesome-goose/goose/testing/assert.go:300.15,302.4 1 0
github.com/awesome-goose/goose/testing/assert.go:303.8,304.14 1 0
github.com/awesome-goose/goose/testing/assert.go:304.14,306.4 1 0
github.com/awesome-goose/goose/testing/assert.go:308.2,308.12 1 0
github.com/awesome-goose/goose/testing/assert.go:312.50,316.15 4 0
github.com/awesome-goose/goose/testing/assert.go:316.15,317.33 1 0
github.com/awesome-goose/goose/testing/assert.go:317.33,319.4 1 0
github.com/awesome-goose/goose/testing/assert.go:320.8,321.31 1 0
github.com/awesome-goose/goose/testing/assert.go:321.31,323.4 1 0
github.com/awesome-goose/goose/testing/assert.go:325.2,325.12 1 0
github.com/awesome-goose/goose/testing/assert.go:329.50,332.15 3 0
github.com/awesome-goose/goose/testing/assert.go:332.15,333.29 1 0
github.com/awesome-goose/goose/testing/assert.go:333.29,335.4 1 0
github.com/awesome-goose/goose/testing/assert.go:336.8,337.29 1 0
github.com/awesome-goose/goose/testing/assert.go:337.29,339.4 1 0
github.com/awesome-goose/goose/testing/assert.go:341.2,341.12 1 0
github.com/awesome-goose/goose/testing/assert.go:345.47,350.15 5 0
github.com/awesome-goose/goose/testing/assert.go:350.15,351.17 1 0
github.com/awesome-goose/goose/testing/assert.go:351.17,353.4 1 0
github.com/awesome-goose/goose/testing/assert.go:354.8,355.18 1 0
github.com/awesome-goose/goose/testing/assert.go:355.18,357.4 1 0
github.com/awesome-goose/goose/testing/assert.go:359.2,359.12 1 0
github.com/awesome-goose/goose/testing/assert.go:363.34,366.9 3 0
github.com/awesome-goose/goose/testing/assert.go:366.9,369.3 2 0
github.com/awesome-goose/goose/testing/assert.go:371.2,372.9 2 0
github.com/awesome-goose/goose/testing/assert.go:372.9,373.16 1 0
github.com/awesome-goose/goose/testing/assert.go:373.16,374.32 1 0
github.com/awesome-goose/goose/testing/assert.go:374.32,376.5 1 0
github.com/awesome-goose/goose/testing/assert.go:378.3,378.7 1 0
github.com/awesome-goose/goose/testing/assert.go:381.2,381.15 1 0
github.com/awesome-goose/goose/testing/assert.go:381.15,382.15 1 0
github.com/awesome-goose/goose/testing/assert.go:382.15,384.4 1 0
github.com/awesome-goose/goose/testing/assert.go:385.8,386.16 1 0
github.com/awesome-goose/goose/testing/assert.go:386.16,388.4 1 0
github.com/awesome-goose/goose/testing/assert.go:390.2,390.12 1 0
github.com/awesome-goose/goose/testing/assert.go:394.50,397.9 3 0
github.com/awesome-goose/goose/testing/assert.go:397.9,400.3 2 0
github.com/awesome-goose/goose/testing/assert.go:402.2,404.9 3 0
github.com/awesome-goose/goose/testing/assert.go:404.9,405.16 1 0
github.com/awesome-goose/goose/testing/assert.go:405.16,406.32 1 0
github.com/awesome-goose/goose/testing/assert.go:406.32,409.5 2 0
github.com/awesome-goose/goose/testing/assert.go:411.3,411.7 1 0
github.com/awesome-goose/goose/testing/assert.go:414.2,414.15 1 0
github.com/awesome-goose/goose/testing/assert.go:414.15,415.57 1 0
github.com/awesome-goose/goose/testing/assert.go:415.57,417.4 1 0
github.com/awesome-goose/goose/testing/assert.go:418.8,419.16 1 0
github.com/awesome-goose/goose/testing/assert.go:419.16,421.4 1 0
github.com/awesome-goose/goose/testing/assert.go:421.9,421.53 1 0
github.com/awesome-goose/goose/testing/assert.go:421.53,423.4 1 0
github.com/awesome-goose/goose/testing/assert.go:425.2,425.12 1 0
github.com/awesome-goose/goose/testing/assert.go:429.43,432.29 3 0
github.com/awesome-goose/goose/testing/assert.go:432.29,435.3 2 0
github.com/awesome-goose/goose/testing/assert.go:436.2,439.15 3 0
github.com/awesome-goose/goose/testing/assert.go:439.15,440.13 1 0
github.com/awesome-goose/goose/testing/assert.go:440.13,442.4 1 0
github.com/awesome-goose/goose/testing/assert.go:443.8,444.14 1 0
github.com/awesome-goose/goose/testing/assert.go:444.14,446.4 1 0
github.com/awesome-goose/goose/testing/assert.go:448.2,448.12 1 0
github.com/awesome-goose/goose/testing/assert.go:452.55,455.29 3 0
github.com/awesome-goose/goose/testing/assert.go:455.29,458.3 2 0
github.com/awesome-goose/goose/testing/assert.go:459.2,462.15 3 0
github.com/awesome-goose/goose/testing/assert.go:462.15,463.65 1 0
github.com/awesome-goose/goose/testing/assert.go:463.65,465.4 1 0
github.com/awesome-goose/goose/testing/assert.go:466.8,467.21 1 0
github.com/awesome-goose/goose/testing/assert.go:467.21,469.4 1 0
github.com/awesome-goose/goose/testing/assert.go:469.9,469.56 1 0
github.com/awesome-goose/goose/testing/assert.go:469.56,471.4 1 0
github.com/awesome-goose/goose/testing/assert.go:473.2,473.12 1 0
github.com/awesome-goose/goose/testing/assert.go:477.53,480.9 3 0
github.com/awesome-goose/goose/testing/assert.go:480.9,483.3 2 0
github.com/awesome-goose/goose/testing/assert.go:484.2,485.16 2 0
github.com/awesome-goose/goose/testing/assert.go:485.16,488.3 2 0
github.com/awesome-goose/goose/testing/assert.go:490.2,490.15 1 0
github.com/awesome-goose/goose/testing/assert.go:490.15,491.14 1 0
github.com/awesome-goose/goose/testing/assert.go:491.14,493.4 1 0
github.com/awesome-goose/goose/testing/assert.go:494.8,495.15 1 0
github.com/awesome-goose/goose/testing/assert.go:495.15,497.4 1 0
github.com/awesome-goose/goose/testing/assert.go:499.2,499.12 1 0
github.com/awesome-goose/goose/testing/assert.go:503.34,505.21 2 0
github.com/awesome-goose/goose/testing/assert.go:505.21,507.3 1 0
github.com/awesome-goose/goose/testing/assert.go:508.2,508.20 1 0
github.com/awesome-goose/goose/testing/assert.go:512.37,516.2 3 0
github.com/awesome-goose/goose/testing/assert.go:519.52,524.2 2 0
github.com/awesome-goose/goose/testing/assert.go:531.50,534.2 2 0
github.com/awesome-goose/goose/testing/assert.go:537.51,539.44 2 0
github.com/awesome-goose/goose/testing/assert.go:539.44,541.3 1 0
github.com/awesome-goose/goose/testing/assert.go:545.39,547.22 2 0
github.com/awesome-goose/goose/testing/assert.go:547.22,549.3 1 0
github.com/awesome-goose/goose/testing/assert.go:554.24,555.14 1 1
github.com/awesome-goose/goose/testing/assert.go:555.14,557.3 1 1
github.com/awesome-goose/goose/testing/assert.go:558.2,559.19 2 1
github.com/awesome-goose/goose/testing/assert.go:560.94,561.20 1 1
github.com/awesome-goose/goose/testing/assert.go:563.2,563.14 1 1
github.com/awesome-goose/goose/testing/assert.go:566.24,568.19 2 1
github.com/awesome-goose/goose/testing/assert.go:569.79,570.18 1 1
github.com/awesome-goose/goose/testing/assert.go:572.2,572.11 1 0
github.com/awesome-goose/goose/testing/assert.go:575.49,579.19 3 1
github.com/awesome-goose/goose/testing/assert.go:580.22,581.52 1 1
github.com/awesome-goose/goose/testing/assert.go:582.19,584.26 2 0
github.com/awesome-goose/goose/testing/assert.go:584.26,585.49 1 0
github.com/awesome-goose/goose/testing/assert.go:585.49,587.5 1 0
github.com/awesome-goose/goose/testing/assert.go:589.36,590.33 1 1
github.com/awesome-goose/goose/testing/assert.go:590.33,591.59 1 1
github.com/awesome-goose/goose/testing/assert.go:591.59,593.5 1 1
github.com/awesome-goose/goose/testing/assert.go:596.2,596.14 1 0
github.com/awesome-goose/goose/testing/assert.go:599.28,604.40 3 0
github.com/awesome-goose/goose/testing/assert.go:604.40,606.3 1 0
github.com/awesome-goose/goose/testing/assert.go:606.8,606.47 1 0
github.com/awesome-goose/goose/testing/assert.go:606.47,608.3 1 0
github.com/awesome-goose/goose/testing/assert.go:610.2,610.28 1 0
github.com/awesome-goose/goose/testing/assert.go:610.28,612.3 1 0
github.com/awesome-goose/goose/testing/assert.go:614.2,614.19 1 0
github.com/awesome-goose/goose/testing/assert.go:615.78,616.26 1 0
github.com/awesome-goose/goose/testing/assert.go:616.26,618.4 1 0
github.com/awesome-goose/goose/testing/assert.go:619.3,619.26 1 0
github.com/awesome-goose/goose/testing/assert.go:619.26,621.4 1 0
github.com/awesome-goose/goose/testing/assert.go:622.100,623.28 1 0
github.com/awesome-goose/goose/testing/assert.go:623.28,625.4 1 0
github.com/awesome-goose/goose/testing/assert.go:626.3,626.28 1 0
github.com/awesome-goose/goose/testing/assert.go:626.28,628.4 1 0
github.com/awesome-goose/goose/testing/assert.go:629.40,630.30 1 0
github.com/awesome-goose/goose/testing/assert.go:630.30,632.4 1 0
github.com/awesome-goose/goose/testing/assert.go:633.3,633.30 1 0
github.com/awesome-goose/goose/testing/assert.go:633.30,635.4 1 0
github.com/awesome-goose/goose/testing/assert.go:636.22,637.32 1 0
github.com/awesome-goose/goose/testing/assert.go:637.32,639.4 1 0
github.com/awesome-goose/goose/testing/assert.go:640.3,640.32 1 0
github.com/awesome-goose/goose/testing/assert.go:640.32,642.4 1 0
github.com/awesome-goose/goose/testing/assert.go:643.22,644.40 1 0
github.com/awesome-goose/goose/testing/assert.go:644.40,647.20 3 0
github.com/awesome-goose/goose/testing/assert.go:647.20,649.5 1 0
github.com/awesome-goose/goose/testing/assert.go:650.4,650.21 1 0
github.com/awesome-goose/goose/testing/assert.go:650.21,652.5 1 0
github.com/awesome-goose/goose/testing/assert.go:655.2,655.10 1 0
github.com/awesome-goose/goose/testing/assert.go:658.40,661.2 1 0
github.com/awesome-goose/goose/testing/assert.go:663.44,667.30 3 0
github.com/awesome-goose/goose/testing/assert.go:667.30,671.3 1 0
github.com/awesome-goose/goose/testing/assert.go:672.2,672.76 1 0
github.com/awesome-goose/goose/testing/assert.go:676.27,679.2 2 0
github.com/awesome-goose/goose/testing/assert.go:682.45,683.36 1 0
github.com/awesome-goose/goose/testing/assert.go:683.36,685.3 1 0
github.com/awesome-goose/goose/testing/assert.go:689.36,690.21 1 0
github.com/awesome-goose/goose/testing/assert.go:690.21,692.3 1 0
github.com/awesome-goose/goose/testing/assert.go:692.8,694.3 1 0
github.com/awesome-goose/goose/testing/assert.go:698.51,699.15 1 0
github.com/awesome-goose/goose/testing/assert.go:699.15,701.3 1 0
github.com/awesome-goose/goose/testing/assert.go:713.42,719.2 2 0
github.com/awesome-goose/goose/testing/assert.go:722.58,728.18 4 0
github.com/awesome-goose/goose/testing/assert.go:728.18,731.3 2 0
github.com/awesome-goose/goose/testing/assert.go:734.2,735.27 2 0
github.com/awesome-goose/goose/testing/assert.go:735.27,737.3 1 0
github.com/awesome-goose/goose/testing/assert.go:740.2,744.27 3 0
github.com/awesome-goose/goose/testing/assert.go:744.27,746.3 1 0
github.com/awesome-goose/goose/testing/assert.go:747.2,747.12 1 0
github.com/awesome-goose/goose/testing/assert.go:760.61,767.2 3 0
github.com/awesome-goose/goose/testing/assert.go:770.33,771.16 1 0
github.com/awesome-goose/goose/testing/assert.go:771.16,773.3 1 0
github.com/awesome-goose/goose/testing/assert.go:774.2,775.19 2 0
github.com/awesome-goose/goose/testing/benchmark.go:14.44,16.2 1 0
github.com/awesome-goose/goose/testing/benchmark.go:19.45,22.2 2 0
github.com/awesome-goose/goose/testing/benchmark.go:25.44,28.2 2 0
github.com/awesome-goose/goose/testing/benchmark.go:31.45,34.2 2 0
github.com/awesome-goose/goose/testing/benchmark.go:37.50,40.2 2 0
github.com/awesome-goose/goose/testing/benchmark.go:43.54,46.2 2 0
github.com/awesome-goose/goose/testing/benchmark.go:49.29,51.2 1 0
github.com/awesome-goose/goose/testing/benchmark.go:54.61,55.36 1 0
github.com/awesome-goose/goose/testing/benchmark.go:55.36,57.3 1 0
github.com/awesome-goose/goose/testing/benchmark.go:61.58,63.2 1 0
github.com/awesome-goose/goose/testing/benchmark.go:66.47,69.2 2 0
github.com/awesome-goose/goose/testing/benchmark.go:72.69,75.2 2 0
github.com/awesome-goose/goose/testing/benchmark.go:86.26,88.2 1 0
github.com/awesome-goose/goose/testing/benchmark.go:91.38,94.2 2 0
github.com/awesome-goose/goose/testing/benchmark.go:97.42,98.20 1 0
github.com/awesome-goose/goose/testing/benchmark.go:98.20,100.3 1 0
github.com/awesome-goose/goose/testing/benchmark.go:101.2,101.27 1 0
github.com/awesome-goose/goose/testing/benchmark.go:105.34,107.2 1 0
github.com/awesome-goose/goose/testing/container.go:15.40,19.2 1 1
github.com/awesome-goose/goose/testing/container.go:22.50,26.2 3 1
github.com/awesome-goose/goose/testing/container.go:29.63,33.2 3 0
github.com/awesome-goose/goose/testing/container.go:36.45,42.45 5 1
github.com/awesome-goose/goose/testing/container.go:42.45,44.43 2 1
github.com/awesome-goose/goose/testing/container.go:44.43,46.4 1 1
github.com/awesome-goose/goose/testing/container.go:51.44,53.2 1 0
github.com/awesome-goose/goose/testing/context.go:17.36,23.2 1 1
github.com/awesome-goose/goose/testing/context.go:26.47,28.2 1 0
github.com/awesome-goose/goose/testing/context.go:31.49,33.2 1 0
github.com/awesome-goose/goose/testing/context.go:36.52,38.2 1 1
github.com/awesome-goose/goose/testing/context.go:41.45,43.2 1 1
github.com/awesome-goose/goose/testing/context.go:46.50,48.2 1 0
github.com/awesome-goose/goose/testing/context.go:51.52,53.2 1 0
github.com/awesome-goose/goose/testing/context.go:68.36,74.2 1 1
github.com/awesome-goose/goose/testing/context.go:77.53,79.2 1 0
github.com/awesome-goose/goose/testing/context.go:82.45,84.2 1 0
github.com/awesome-goose/goose/testing/context.go:87.40,89.2 1 0
github.com/awesome-goose/goose/testing/context.go:92.51,94.2 1 0
github.com/awesome-goose/goose/testing/context.go:97.50,99.2 1 0
github.com/awesome-goose/goose/testing/context.go:102.46,104.2 1 0
github.com/awesome-goose/goose/testing/context.go:107.64,109.2 1 0
github.com/awesome-goose/goose/testing/context.go:112.68,115.2 2 0
github.com/awesome-goose/goose/testing/context.go:118.63,121.2 2 0
github.com/awesome-goose/goose/testing/context.go:124.75,127.2 2 0
github.com/awesome-goose/goose/testing/context.go:130.73,133.2 2 0
github.com/awesome-goose/goose/testing/context.go:136.77,139.2 2 0
github.com/awesome-goose/goose/testing/context.go:142.77,145.2 2 0
github.com/awesome-goose/goose/testing/context.go:148.58,151.2 2 0
github.com/awesome-goose/goose/testing/context.go:154.56,158.2 3 0
github.com/awesome-goose/goose/testing/context.go:172.38,176.2 1 1
github.com/awesome-goose/goose/testing/context.go:179.100,184.2 4 0
github.com/awesome-goose/goose/testing/context.go:187.53,189.2 1 0
github.com/awesome-goose/goose/testing/context.go:192.62,193.28 1 0
github.com/awesome-goose/goose/testing/context.go:193.28,195.3 1 0
github.com/awesome-goose/goose/testing/context.go:199.34,201.2 1 0
github.com/awesome-goose/goose/testing/context.go:204.41,206.2 1 0
github.com/awesome-goose/goose/testing/context.go:209.55,211.2 1 0
github.com/awesome-goose/goose/testing/context.go:214.38,216.2 1 0
github.com/awesome-goose/goose/testing/context.go:219.54,221.2 1 0
github.com/awesome-goose/goose/testing/controller.go:17.96,24.2 1 0
github.com/awesome-goose/goose/testing/controller.go:27.34,29.2 1 0
github.com/awesome-goose/goose/testing/controller.go:32.68,41.23 5 0
github.com/awesome-goose/goose/testing/controller.go:41.23,44.3 2 0
github.com/awesome-goose/goose/testing/controller.go:47.2,47.52 1 0
github.com/awesome-goose/goose/testing/entity.go:17.80,23.2 1 0
github.com/awesome-goose/goose/testing/entity.go:26.51,28.2 1 0
github.com/awesome-goose/goose/testing/entity.go:31.33,33.2 1 0
github.com/awesome-goose/goose/testing/entity.go:36.69,41.2 4 0
github.com/awesome-goose/goose/testing/entity.go:44.69,49.2 4 0
github.com/awesome-goose/goose/testing/entity.go:52.66,57.2 4 0
github.com/awesome-goose/goose/testing/fixtures.go:14.28,18.2 1 1
github.com/awesome-goose/goose/testing/fixtures.go:21.45,24.19 3 0
github.com/awesome-goose/goose/testing/fixtures.go:24.19,26.3 1 0
github.com/awesome-goose/goose/testing/fixtures.go:27.2,27.18 1 0
github.com/awesome-goose/goose/testing/fixtures.go:31.41,33.2 1 0
github.com/awesome-goose/goose/testing/fixtures.go:36.34,38.2 1 0
github.com/awesome-goose/goose/testing/fixtures.go:41.31,43.2 1 0
github.com/awesome-goose/goose/testing/goose.go:18.44,25.2 2 0
github.com/awesome-goose/goose/testing/goose.go:28.76,31.2 2 0
github.com/awesome-goose/goose/testing/goose.go:34.48,36.2 1 0
github.com/awesome-goose/goose/testing/goose.go:39.44,40.18 1 0
github.com/awesome-goose/goose/testing/goose.go:40.18,42.3 1 0
github.com/awesome-goose/goose/testing/goose.go:43.2,43.14 1 0
github.com/awesome-goose/goose/testing/goose.go:47.47,50.2 2 0
github.com/awesome-goose/goose/testing/goose.go:53.55,55.2 1 0
github.com/awesome-goose/goose/testing/goose.go:58.64,60.2 1 0
github.com/awesome-goose/goose/testing/goose.go:63.60,65.2 1 0
github.com/awesome-goose/goose/testing/goose.go:68.61,70.2 1 0
github.com/awesome-goose/goose/testing/goose.go:73.73,75.2 1 0
github.com/awesome-goose/goose/testing/http.go:24.64,32.2 2 0
github.com/awesome-goose/goose/testing/http.go:35.43,39.2 3 0
github.com/awesome-goose/goose/testing/http.go:42.46,46.2 3 0
github.com/awesome-goose/goose/testing/http.go:49.28,50.21 1 0
github.com/awesome-goose/goose/testing/http.go:50.21,52.3 1 0
github.com/awesome-goose/goose/testing/http.go:56.33,57.21 1 0
github.com/awesome-goose/goose/testing/http.go:57.21,59.3 1 0
github.com/awesome-goose/goose/testing/http.go:60.2,60.11 1 0
github.com/awesome-goose/goose/testing/http.go:64.62,71.2 1 0
github.com/awesome-goose/goose/testing/http.go:74.50,76.2 1 0
github.com/awesome-goose/goose/testing/http.go:79.51,81.2 1 0
github.com/awesome-goose/goose/testing/http.go:84.50,86.2 1 0
github.com/awesome-goose/goose/testing/http.go:89.53,91.2 1 0
github.com/awesome-goose/goose/testing/http.go:94.52,96.2 1 0
github.com/awesome-goose/goose/testing/http.go:109.61,112.2 2 0
github.com/awesome-goose/goose/testing/http.go:115.52,117.16 2 0
github.com/awesome-goose/goose/testing/http.go:117.16,119.3 1 0
github.com/awesome-goose/goose/testing/http.go:120.2,122.10 3 0
github.com/awesome-goose/goose/testing/http.go:126.60,129.2 2 0
github.com/awesome-goose/goose/testing/http.go:132.66,135.2 2 0
github.com/awesome-goose/goose/testing/http.go:138.75,139.28 1 0
github.com/awesome-goose/goose/testing/http.go:139.28,141.3 1 0
github.com/awesome-goose/goose/testing/http.go:142.2,142.10 1 0
github.com/awesome-goose/goose/testing/http.go:146.65,147.22 1 0
github.com/awesome-goose/goose/testing/http.go:147.22,149.3 1 0
github.com/awesome-goose/goose/testing/http.go:150.2,151.10 2 0
github.com/awesome-goose/goose/testing/http.go:155.61,158.2 2 0
github.com/awesome-goose/goose/testing/http.go:161.69,164.2 2 0
github.com/awesome-goose/goose/testing/http.go:167.42,173.26 5 0
github.com/awesome-goose/goose/testing/http.go:173.26,175.3 1 0
github.com/awesome-goose/goose/testing/http.go:177.2,177.22 1 0
github.com/awesome-goose/goose/testing/http.go:177.22,179.31 2 0
github.com/awesome-goose/goose/testing/http.go:179.31,180.15 1 0
github.com/awesome-goose/goose/testing/http.go:180.15,182.5 1 0
github.com/awesome-goose/goose/testing/http.go:183.4,183.20 1 0
github.com/awesome-goose/goose/testing/http.go:185.3,185.17 1 0
github.com/awesome-goose/goose/testing/http.go:188.2,189.16 2 0
github.com/awesome-goose/goose/testing/http.go:189.16,191.3 1 0
github.com/awesome-goose/goose/testing/http.go:192.2,195.26 3 0
github.com/awesome-goose/goose/testing/http.go:195.26,197.3 1 0
github.com/awesome-goose/goose/testing/http.go:197.8,201.3 3 0
github.com/awesome-goose/goose/testing/http.go:203.2,203.16 1 0
github.com/awesome-goose/goose/testing/http.go:203.16,205.3 1 0
github.com/awesome-goose/goose/testing/http.go:207.2,210.3 1 0
github.com/awesome-goose/goose/testing/http.go:221.38,222.19 1 0
github.com/awesome-goose/goose/testing/http.go:222.19,225.17 3 0
github.com/awesome-goose/goose/testing/http.go:225.17,227.4 1 0
github.com/awesome-goose/goose/testing/http.go:228.3,228.16 1 0
github.com/awesome-goose/goose/testing/http.go:230.2,230.15 1 0
github.com/awesome-goose/goose/testing/http.go:234.44,236.2 1 0
github.com/awesome-goose/goose/testing/http.go:239.50,240.52 1 0
github.com/awesome-goose/goose/testing/http.go:240.52,242.3 1 0
github.com/awesome-goose/goose/testing/http.go:243.2,243.10 1 0
github.com/awesome-goose/goose/testing/http.go:247.61,251.2 3 0
github.com/awesome-goose/goose/testing/http.go:254.49,256.2 1 0
github.com/awesome-goose/goose/testing/http.go:259.54,261.2 1 0
github.com/awesome-goose/goose/testing/http.go:264.56,266.2 1 0
github.com/awesome-goose/goose/testing/http.go:269.57,271.2 1 0
github.com/awesome-goose/goose/testing/http.go:274.59,276.2 1 0
github.com/awesome-goose/goose/testing/http.go:279.56,281.2 1 0
github.com/awesome-goose/goose/testing/http.go:284.55,286.2 1 0
github.com/awesome-goose/goose/testing/http.go:289.66,291.2 1 0
github.com/awesome-goose/goose/testing/http.go:294.70,298.2 3 0
github.com/awesome-goose/goose/testing/http.go:301.76,303.2 1 0
github.com/awesome-goose/goose/testing/http.go:306.51,311.2 4 0
github.com/awesome-goose/goose/testing/http.go:314.66,318.2 3 0
github.com/awesome-goose/goose/testing/http.go:321.72,325.2 3 0
github.com/awesome-goose/goose/testing/http.go:328.68,334.2 5 0
github.com/awesome-goose/goose/testing/http.go:336.42,339.2 2 0
github.com/awesome-goose/goose/testing/mock.go:36.34,42.2 2 1
github.com/awesome-goose/goose/testing/mock.go:45.56,48.44 3 1
github.com/awesome-goose/goose/testing/mock.go:48.44,50.3 1 1
github.com/awesome-goose/goose/testing/mock.go:51.2,51.10 1 1
github.com/awesome-goose/goose/testing/mock.go:55.70,60.2 4 0
github.com/awesome-goose/goose/testing/mock.go:63.72,72.2 4 0
github.com/awesome-goose/goose/testing/mock.go:75.57,85.32 4 1
github.com/awesome-goose/goose/testing/mock.go:85.32,87.56 2 0
github.com/awesome-goose/goose/testing/mock.go:87.56,89.4 1 0
github.com/awesome-goose/goose/testing/mock.go:92.2,92.37 1 1
github.com/awesome-goose/goose/testing/mock.go:92.37,94.3 1 1
github.com/awesome-goose/goose/testing/mock.go:96.2,97.12 2 0
github.com/awesome-goose/goose/testing/mock.go:101.30,107.37 5 0
github.com/awesome-goose/goose/testing/mock.go:107.37,108.47 1 0
github.com/awesome-goose/goose/testing/mock.go:108.47,111.4 2 0
github.com/awesome-goose/goose/testing/mock.go:113.2,113.15 1 0
github.com/awesome-goose/goose/testing/mock.go:117.46,120.31 3 1
github.com/awesome-goose/goose/testing/mock.go:120.31,121.28 1 1
github.com/awesome-goose/goose/testing/mock.go:121.28,123.4 1 1
github.com/awesome-goose/goose/testing/mock.go:125.2,125.14 1 1
github.com/awesome-goose/goose/testing/mock.go:129.63,132.31 3 1
github.com/awesome-goose/goose/testing/mock.go:132.31,133.58 1 1
github.com/awesome-goose/goose/testing/mock.go:133.58,135.4 1 1
github.com/awesome-goose/goose/testing/mock.go:137.2,137.14 1 1
github.com/awesome-goose/goose/testing/mock.go:141.45,145.31 4 1
github.com/awesome-goose/goose/testing/mock.go:145.31,146.28 1 1
github.com/awesome-goose/goose/testing/mock.go:146.28,148.4 1 1
github.com/awesome-goose/goose/testing/mock.go:150.2,150.14 1 1
github.com/awesome-goose/goose/testing/mock.go:154.47,158.31 4 0
github.com/awesome-goose/goose/testing/mock.go:158.31,159.28 1 0
github.com/awesome-goose/goose/testing/mock.go:159.28,161.4 1 0
github.com/awesome-goose/goose/testing/mock.go:163.2,163.14 1 0
github.com/awesome-goose/goose/testing/mock.go:167.24,173.2 5 0
github.com/awesome-goose/goose/testing/mock.go:175.45,176.34 1 1
github.com/awesome-goose/goose/testing/mock.go:176.34,178.3 1 0
github.com/awesome-goose/goose/testing/mock.go:179.2,179.31 1 1
github.com/awesome-goose/goose/testing/mock.go:179.31,180.41 1 1
github.com/awesome-goose/goose/testing/mock.go:180.41,182.4 1 1
github.com/awesome-goose/goose/testing/mock.go:184.2,184.13 1 1
github.com/awesome-goose/goose/testing/module.go:18.93,25.2 1 0
github.com/awesome-goose/goose/testing/module.go:28.45,30.2 1 0
github.com/awesome-goose/goose/testing/module.go:33.30,35.2 1 0
github.com/awesome-goose/goose/testing/module.go:38.52,41.2 2 0
github.com/awesome-goose/goose/testing/module.go:44.43,47.2 2 0
github.com/awesome-goose/goose/testing/module.go:50.48,53.2 2 0
github.com/awesome-goose/goose/testing/routes.go:19.66,26.2 1 0
github.com/awesome-goose/goose/testing/routes.go:29.29,31.2 1 0
github.com/awesome-goose/goose/testing/routes.go:34.44,36.2 1 0
github.com/awesome-goose/goose/testing/routes.go:39.99,42.2 2 0
github.com/awesome-goose/goose/testing/routes.go:45.69,50.2 4 0
github.com/awesome-goose/goose/testing/routes.go:53.71,57.2 3 0
github.com/awesome-goose/goose/testing/routes.go:60.103,65.2 4 0
github.com/awesome-goose/goose/testing/service.go:17.87,24.2 1 0
github.com/awesome-goose/goose/testing/service.go:27.31,29.2 1 0
github.com/awesome-goose/goose/testing/service.go:32.66,41.23 5 0
github.com/awesome-goose/goose/testing/service.go:41.23,44.3 2 0
github.com/awesome-goose/goose/testing/service.go:47.2,48.27 2 0
github.com/awesome-goose/goose/testing/service.go:48.27,50.3 1 0
github.com/awesome-goose/goose/testing/service.go:53.2,57.27 3 0
github.com/awesome-goose/goose/testing/service.go:57.27,59.3 1 0
github.com/awesome-goose/goose/testing/service.go:60.2,60.12 1 0
github.com/awesome-goose/goose/testing/suite.go:24.59,27.2 2 1
github.com/awesome-goose/goose/testing/suite.go:30.29,36.35 4 1
github.com/awesome-goose/goose/testing/suite.go:36.35,38.3 1 1
github.com/awesome-goose/goose/testing/suite.go:41.2,41.43 1 1
github.com/awesome-goose/goose/testing/suite.go:41.43,43.3 1 0
github.com/awesome-goose/goose/testing/suite.go:44.2,44.15 1 1
github.com/awesome-goose/goose/testing/suite.go:44.15,46.47 1 1
github.com/awesome-goose/goose/testing/suite.go:46.47,48.4 1 0
github.com/awesome-goose/goose/testing/suite.go:51.2,51.45 1 1
github.com/awesome-goose/goose/testing/suite.go:51.45,53.45 2 1
github.com/awesome-goose/goose/testing/suite.go:53.45,54.44 1 1
github.com/awesome-goose/goose/testing/suite.go:54.44,56.45 1 1
github.com/awesome-goose/goose/testing/suite.go:56.45,58.6 1 1
github.com/awesome-goose/goose/testing/suite.go:59.5,59.18 1 1
github.com/awesome-goose/goose/testing/suite.go:59.18,61.49 1 1
github.com/awesome-goose/goose/testing/suite.go:61.49,63.7 1 1
github.com/awesome-goose/goose/testing/suite.go:65.5,65.48 1 1
github.com/awesome-goose/goose/testing/suite.go:77.36,80.2 2 1
github.com/awesome-goose/goose/testing/suite.go:103.43,106.2 2 0
github.com/awesome-goose/goose/testing/suite.go:120.90,122.27 2 0
github.com/awesome-goose/goose/testing/suite.go:122.27,123.37 1 0
github.com/awesome-goose/goose/testing/suite.go:123.37,124.15 1 0
github.com/awesome-goose/goose/testing/suite.go:124.15,126.5 1 0
github.com/awesome-goose/goose/testing/suite.go:127.4,127.18 1 0
github.com/awesome-goose/goose/testing/tags.go:16.35,17.73 1 0
github.com/awesome-goose/goose/testing/tags.go:17.73,19.3 1 0
github.com/awesome-goose/goose/testing/tags.go:23.42,24.84 1 0
github.com/awesome-goose/goose/testing/tags.go:24.84,26.3 1 0
github.com/awesome-goose/goose/testing/tags.go:30.34,31.39 1 0
github.com/awesome-goose/goose/testing/tags.go:31.39,33.3 1 0
github.com/awesome-goose/goose/testing/tags.go:37.29,38.27 1 0
github.com/awesome-goose/goose/testing/tags.go:38.27,40.3 1 0
github.com/awesome-goose/goose/testing/tags.go:44.30,45.21 1 0
github.com/awesome-goose/goose/testing/tags.go:45.21,47.3 1 0
github.com/awesome-goose/goose/testing/tags.go:51.18,53.2 1 0
github.com/awesome-goose/goose/testing/tags.go:56.25,58.17 2 0
github.com/awesome-goose/goose/testing/tags.go:58.17,60.3 1 0
github.com/awesome-goose/goose/testing/tags.go:61.2,61.14 1 0
github.com/awesome-goose/goose/types/instance.go:26.43,27.27 1 0
github.com/awesome-goose/goose/types/instance.go:27.27,29.3 1 0
github.com/awesome-goose/goose/types/method.go:13.33,15.2 1 0
github.com/awesome-goose/goose/types/method.go:17.39,19.2 1 1
github.com/awesome-goose/goose/types/route.go:11.36,13.2 1 1
github.com/awesome-goose/goose/types/route.go:15.46,17.2 1 1
github.com/awesome-goose/goose/types/route.go:19.42,21.2 1 1
github.com/awesome-goose/goose/types/route.go:23.32,25.2 1 0
github.com/awesome-goose/goose/types/route.go:27.43,29.2 1 0
github.com/awesome-goose/goose/types/route.go:31.31,38.2 6 1
github.com/awesome-goose/goose/types/route.go:40.55,43.2 2 0
github.com/awesome-goose/goose/types/route.go:45.66,48.2 2 0
github.com/awesome-goose/goose/types/route.go:50.62,53.2 2 0
github.com/awesome-goose/goose/types/route.go:55.45,58.2 2 0
github.com/awesome-goose/goose/types/route.go:60.49,63.2 2 0
github.com/awesome-goose/goose/types/serializer.go:22.38,24.2 1 0
github.com/awesome-goose/goose/types/serializer.go:26.44,28.2 1 0
github.com/awesome-goose/goose/utils/path/base.go:12.33,14.16 2 0
github.com/awesome-goose/goose/utils/path/base.go:14.16,16.3 1 0
github.com/awesome-goose/goose/utils/path/base.go:17.2,17.23 1 0
github.com/awesome-goose/goose/utils/path/base.go:21.32,23.16 2 1
github.com/awesome-goose/goose/utils/path/base.go:23.16,25.3 1 0
github.com/awesome-goose/goose/utils/path/base.go:28.2,29.55 2 1
github.com/awesome-goose/goose/utils/path/base.go:29.56,31.3 0 0
github.com/awesome-goose/goose/utils/path/base.go:31.8,33.3 1 1
github.com/awesome-goose/goose/utils/path/base.go:34.2,34.42 1 1
github.com/awesome-goose/goose/utils/path/base.go:34.42,36.3 1 0
github.com/awesome-goose/goose/utils/path/base.go:39.2,40.16 2 1
github.com/awesome-goose/goose/utils/path/base.go:40.16,41.43 1 1
github.com/awesome-goose/goose/utils/path/base.go:41.43,43.4 1 1
github.com/awesome-goose/goose/utils/path/base.go:45.2,45.27 1 0
github.com/awesome-goose/goose/utils/path/base.go:49.42,51.6 2 1
github.com/awesome-goose/goose/utils/path/base.go:51.6,53.45 2 1
github.com/awesome-goose/goose/utils/path/base.go:53.45,55.4 1 1
github.com/awesome-goose/goose/utils/path/base.go:56.3,57.20 2 1
github.com/awesome-goose/goose/utils/path/base.go:57.20,58.9 1 1
github.com/awesome-goose/goose/utils/path/base.go:60.3,60.15 1 1
github.com/awesome-goose/goose/utils/path/base.go:62.2,62.11 1 1
github.com/awesome-goose/goose/utils/path/base.go:66.35,68.9 2 0
github.com/awesome-goose/goose/utils/path/base.go:68.9,70.3 1 0
github.com/awesome-goose/goose/utils/path/base.go:71.2,71.32 1 0
github.com/awesome-goose/goose/utils/path/helpers.go:17.31,19.16 2 0
github.com/awesome-goose/goose/utils/path/helpers.go:19.16,21.3 1 0
github.com/awesome-goose/goose/utils/path/helpers.go:23.2,23.56 1 0
github.com/awesome-goose/goose/utils/path/helpers.go:26.28,28.16 2 0
github.com/awesome-goose/goose/utils/path/helpers.go:28.16,30.3 1 0
github.com/awesome-goose/goose/utils/path/helpers.go:32.2,32.53 1 0
github.com/awesome-goose/goose/utils/path/helpers.go:35.33,37.16 2 0
github.com/awesome-goose/goose/utils/path/helpers.go:37.16,39.3 1 0
github.com/awesome-goose/goose/utils/path/helpers.go:41.2,41.58 1 0
github.com/awesome-goose/goose/utils/path/helpers.go:44.29,46.16 2 0
github.com/awesome-goose/goose/utils/path/helpers.go:46.16,48.3 1 0
github.com/awesome-goose/goose/utils/path/helpers.go:50.2,50.54 1 0
github.com/awesome-goose/goose/utils/path/helpers.go:53.31,55.16 2 0
github.com/awesome-goose/goose/utils/path/helpers.go:55.16,57.3 1 0
github.com/awesome-goose/goose/utils/path/helpers.go:59.2,59.56 1 0
github.com/awesome-goose/goose/utils/path/helpers.go:62.31,64.16 2 0
github.com/awesome-goose/goose/utils/path/helpers.go:64.16,66.3 1 0
github.com/awesome-goose/goose/utils/path/helpers.go:68.2,68.56 1 0
github.com/awesome-goose/goose/utils/path/helpers.go:71.32,73.16 2 0
github.com/awesome-goose/goose/utils/path/helpers.go:73.16,75.3 1 0
github.com/awesome-goose/goose/utils/path/helpers.go:77.2,77.57 1 0
github.com/awesome-goose/goose/utils/rand/index.go:7.20,9.2 1 0
github.com/awesome-goose/goose/utils/string/index.go:5.43,6.32 1 1
github.com/awesome-goose/goose/utils/string/index.go:7.66,8.14 1 1
github.com/awesome-goose/goose/utils/string/index.go:9.10,10.15 1 1
github.com/awesome-goose/goose/utils/string/index.go:15.38,16.37 1 1
github.com/awesome-goose/goose/utils/string/index.go:16.37,18.3 1 1
github.com/awesome-goose/goose/utils/string/index.go:19.2,19.47 1 1
github.com/awesome-goose/goose/utils/string/index.go:19.47,21.3 1 1
github.com/awesome-goose/goose/utils/string/index.go:22.2,22.25 1 1
github.com/awesome-goose/goose/utils/string/index.go:26.41,29.22 3 1
github.com/awesome-goose/goose/utils/string/index.go:29.22,30.15 1 1
github.com/awesome-goose/goose/utils/string/index.go:30.15,31.17 1 1
github.com/awesome-goose/goose/utils/string/index.go:31.17,33.5 1 1
github.com/awesome-goose/goose/utils/string/index.go:34.4,34.17 1 1
github.com/awesome-goose/goose/utils/string/index.go:37.2,37.20 1 1
github.com/awesome-goose/goose/utils/string/index.go:37.20,39.3 1 1
github.com/awesome-goose/goose/utils/string/index.go:40.2,40.12 1 1
